Building DAG of jobs...
Using shell: /usr/bin/bash
Provided cores: 8
Rules claiming more threads will be scaled down.
Job stats:
job                        count
-----------------------  -------
add_clade_inheritance          4
align                          4
all                            1
ancestral                      4
assemble_dataset               4
assign_colors                  4
clades                         4
compare_definitions            4
crop_coding_region             4
discover_markers               4
export_tree                    4
generate_metadata              4
refine                         4
supplied_tree_to_newick        4
translate                      4
validate                       4
total                         61

Select jobs to execute...
Execute 1 jobs...

[Mon Sep 28 14:41:33 2026]
localrule align:
    input: input/package/DENV2_representatives.fasta, ../nextclade_data/data_output/community/v-gen-lab/dengue/denv2/2026-04-14--11-55-23Z/reference.fasta, ../nextclade_data/data_output/community/v-gen-lab/dengue/denv2/2026-04-14--11-55-23Z/pathogen.json, ../nextclade_data/data_output/community/v-gen-lab/dengue/denv2/2026-04-14--11-55-23Z/genome_annotation.gff3
    output: results/denv2/aligned.fasta
    jobid: 19
    reason: Missing output files: results/denv2/aligned.fasta
    wildcards: build=denv2
    threads: 8
    resources: tmpdir=/tmp

[Mon Sep 28 14:41:34 2026]
Finished job 19.
1 of 61 steps (2%) done
Select jobs to execute...
Execute 8 jobs...

[Mon Sep 28 14:41:34 2026]
localrule generate_metadata:
    input: scripts/generate_metadata.py, scripts/data_use.py, input/metadata-runs/20260928T174132753883Z-d047b843/snapshot.json, input/package/sequence_lineages.csv
    output: results/denv1/metadata.tsv, results/denv1/color_ordering.tsv
    jobid: 12
    reason: Missing output files: results/denv1/color_ordering.tsv, results/denv1/metadata.tsv; Set of input files has changed since last execution
    wildcards: build=denv1
    resources: tmpdir=/tmp


[Mon Sep 28 14:41:34 2026]
localrule supplied_tree_to_newick:
    input: input/package/DENV1_representatives.tree, input/package/DENV1_representatives.fasta
    output: results/denv1/tree.supplied.nwk
    jobid: 4
    reason: Missing output files: results/denv1/tree.supplied.nwk
    wildcards: build=denv1
    resources: tmpdir=/tmp


[Mon Sep 28 14:41:34 2026]
localrule generate_metadata:
    input: scripts/generate_metadata.py, scripts/data_use.py, input/metadata-runs/20260928T174132753883Z-d047b843/snapshot.json, input/package/sequence_lineages.csv
    output: results/denv4/metadata.tsv, results/denv4/color_ordering.tsv
    jobid: 51
    reason: Missing output files: results/denv4/color_ordering.tsv, results/denv4/metadata.tsv; Set of input files has changed since last execution
    wildcards: build=denv4
    resources: tmpdir=/tmp


[Mon Sep 28 14:41:34 2026]
localrule generate_metadata:
    input: scripts/generate_metadata.py, scripts/data_use.py, input/metadata-runs/20260928T174132753883Z-d047b843/snapshot.json, input/package/sequence_lineages.csv
    output: results/denv2/metadata.tsv, results/denv2/color_ordering.tsv
    jobid: 25
    reason: Missing output files: results/denv2/color_ordering.tsv, results/denv2/metadata.tsv; Set of input files has changed since last execution
    wildcards: build=denv2
    resources: tmpdir=/tmp


[Mon Sep 28 14:41:34 2026]
localrule supplied_tree_to_newick:
    input: input/package/DENV4_representatives.tree, input/package/DENV4_representatives.fasta
    output: results/denv4/tree.supplied.nwk
    jobid: 43
    reason: Missing output files: results/denv4/tree.supplied.nwk
    wildcards: build=denv4
    resources: tmpdir=/tmp


[Mon Sep 28 14:41:34 2026]
localrule supplied_tree_to_newick:
    input: input/package/DENV3_representatives.tree, input/package/DENV3_representatives.fasta
    output: results/denv3/tree.supplied.nwk
    jobid: 30
    reason: Missing output files: results/denv3/tree.supplied.nwk
    wildcards: build=denv3
    resources: tmpdir=/tmp


[Mon Sep 28 14:41:34 2026]
localrule supplied_tree_to_newick:
    input: input/package/DENV2_representatives.tree, input/package/DENV2_representatives.fasta
    output: results/denv2/tree.supplied.nwk
    jobid: 17
    reason: Missing output files: results/denv2/tree.supplied.nwk
    wildcards: build=denv2
    resources: tmpdir=/tmp


[Mon Sep 28 14:41:34 2026]
localrule generate_metadata:
    input: scripts/generate_metadata.py, scripts/data_use.py, input/metadata-runs/20260928T174132753883Z-d047b843/snapshot.json, input/package/sequence_lineages.csv
    output: results/denv3/metadata.tsv, results/denv3/color_ordering.tsv
    jobid: 38
    reason: Missing output files: results/denv3/color_ordering.tsv, results/denv3/metadata.tsv; Set of input files has changed since last execution
    wildcards: build=denv3
    resources: tmpdir=/tmp

[Mon Sep 28 14:41:34 2026]
Finished job 51.
2 of 61 steps (3%) done
Select jobs to execute...
Execute 1 jobs...

[Mon Sep 28 14:41:34 2026]
localrule assign_colors:
    input: results/denv4/color_ordering.tsv, results/denv4/metadata.tsv, config/color_schemes.tsv
    output: results/denv4/colors.tsv
    jobid: 52
    reason: Missing output files: results/denv4/colors.tsv; Input files updated by another job: results/denv4/color_ordering.tsv, results/denv4/metadata.tsv
    wildcards: build=denv4
    resources: tmpdir=/tmp

[Mon Sep 28 14:41:34 2026]
Finished job 12.
3 of 61 steps (5%) done
[Mon Sep 28 14:41:34 2026]
Finished job 25.
4 of 61 steps (7%) done
Select jobs to execute...
Execute 2 jobs...

[Mon Sep 28 14:41:34 2026]
localrule assign_colors:
    input: results/denv2/color_ordering.tsv, results/denv2/metadata.tsv, config/color_schemes.tsv
    output: results/denv2/colors.tsv
    jobid: 26
    reason: Missing output files: results/denv2/colors.tsv; Input files updated by another job: results/denv2/color_ordering.tsv, results/denv2/metadata.tsv
    wildcards: build=denv2
    resources: tmpdir=/tmp


[Mon Sep 28 14:41:34 2026]
localrule assign_colors:
    input: results/denv1/color_ordering.tsv, results/denv1/metadata.tsv, config/color_schemes.tsv
    output: results/denv1/colors.tsv
    jobid: 13
    reason: Missing output files: results/denv1/colors.tsv; Input files updated by another job: results/denv1/color_ordering.tsv, results/denv1/metadata.tsv
    wildcards: build=denv1
    resources: tmpdir=/tmp

[Mon Sep 28 14:41:34 2026]
Finished job 38.
5 of 61 steps (8%) done
Select jobs to execute...
Execute 1 jobs...

[Mon Sep 28 14:41:34 2026]
localrule assign_colors:
    input: results/denv3/color_ordering.tsv, results/denv3/metadata.tsv, config/color_schemes.tsv
    output: results/denv3/colors.tsv
    jobid: 39
    reason: Missing output files: results/denv3/colors.tsv; Input files updated by another job: results/denv3/color_ordering.tsv, results/denv3/metadata.tsv
    wildcards: build=denv3
    resources: tmpdir=/tmp

Select jobs to execute...
Waiting for more resources.
[Mon Sep 28 14:41:34 2026]
Finished job 52.
6 of 61 steps (10%) done
Execute 1 jobs...

[Mon Sep 28 14:41:34 2026]
localrule crop_coding_region:
    input: results/denv2/aligned.fasta, ../nextclade_data/data_output/community/v-gen-lab/dengue/denv2/2026-04-14--11-55-23Z/genome_annotation.gff3
    output: results/denv2/coding-aligned.fasta
    jobid: 18
    reason: Missing output files: results/denv2/coding-aligned.fasta; Input files updated by another job: results/denv2/aligned.fasta
    wildcards: build=denv2
    resources: tmpdir=/tmp

[Mon Sep 28 14:41:34 2026]
Finished job 26.
7 of 61 steps (11%) done
Select jobs to execute...
Waiting for more resources.
[Mon Sep 28 14:41:34 2026]
Finished job 13.
8 of 61 steps (13%) done
[Mon Sep 28 14:41:34 2026]
Finished job 18.
9 of 61 steps (15%) done
[Mon Sep 28 14:41:34 2026]
Finished job 39.
10 of 61 steps (16%) done
Waiting for more resources.
Waiting for more resources.
Waiting for more resources.
[Mon Sep 28 14:41:34 2026]
Finished job 30.
11 of 61 steps (18%) done
Waiting for more resources.
[Mon Sep 28 14:41:34 2026]
Finished job 43.
12 of 61 steps (20%) done
[Mon Sep 28 14:41:34 2026]
Finished job 4.
13 of 61 steps (21%) done
Waiting for more resources.
Waiting for more resources.
[Mon Sep 28 14:41:34 2026]
Finished job 17.
14 of 61 steps (23%) done
Execute 1 jobs...

[Mon Sep 28 14:41:34 2026]
localrule align:
    input: input/package/DENV4_representatives.fasta, ../nextclade_data/data_output/community/v-gen-lab/dengue/denv4/2026-04-14--11-55-23Z/reference.fasta, ../nextclade_data/data_output/community/v-gen-lab/dengue/denv4/2026-04-14--11-55-23Z/pathogen.json, ../nextclade_data/data_output/community/v-gen-lab/dengue/denv4/2026-04-14--11-55-23Z/genome_annotation.gff3
    output: results/denv4/aligned.fasta
    jobid: 45
    reason: Missing output files: results/denv4/aligned.fasta
    wildcards: build=denv4
    threads: 8
    resources: tmpdir=/tmp

[Mon Sep 28 14:41:34 2026]
Finished job 45.
15 of 61 steps (25%) done
Select jobs to execute...
Execute 1 jobs...

[Mon Sep 28 14:41:34 2026]
localrule align:
    input: input/package/DENV1_representatives.fasta, ../nextclade_data/data_output/community/v-gen-lab/dengue/denv1/2026-04-14--11-55-23Z/reference.fasta, ../nextclade_data/data_output/community/v-gen-lab/dengue/denv1/2026-04-14--11-55-23Z/pathogen.json, ../nextclade_data/data_output/community/v-gen-lab/dengue/denv1/2026-04-14--11-55-23Z/genome_annotation.gff3
    output: results/denv1/aligned.fasta
    jobid: 6
    reason: Missing output files: results/denv1/aligned.fasta
    wildcards: build=denv1
    threads: 8
    resources: tmpdir=/tmp

[Mon Sep 28 14:41:35 2026]
Finished job 6.
16 of 61 steps (26%) done
Select jobs to execute...
Execute 1 jobs...

[Mon Sep 28 14:41:35 2026]
localrule align:
    input: input/package/DENV3_representatives.fasta, ../nextclade_data/data_output/community/v-gen-lab/dengue/denv3/2026-04-14--11-55-23Z/reference.fasta, ../nextclade_data/data_output/community/v-gen-lab/dengue/denv3/2026-04-14--11-55-23Z/pathogen.json, ../nextclade_data/data_output/community/v-gen-lab/dengue/denv3/2026-04-14--11-55-23Z/genome_annotation.gff3
    output: results/denv3/aligned.fasta
    jobid: 32
    reason: Missing output files: results/denv3/aligned.fasta
    wildcards: build=denv3
    threads: 8
    resources: tmpdir=/tmp

[Mon Sep 28 14:41:35 2026]
Finished job 32.
17 of 61 steps (28%) done
Select jobs to execute...
Execute 4 jobs...

[Mon Sep 28 14:41:35 2026]
localrule crop_coding_region:
    input: results/denv1/aligned.fasta, ../nextclade_data/data_output/community/v-gen-lab/dengue/denv1/2026-04-14--11-55-23Z/genome_annotation.gff3
    output: results/denv1/coding-aligned.fasta
    jobid: 5
    reason: Missing output files: results/denv1/coding-aligned.fasta; Input files updated by another job: results/denv1/aligned.fasta
    wildcards: build=denv1
    resources: tmpdir=/tmp


[Mon Sep 28 14:41:35 2026]
localrule refine:
    input: results/denv2/tree.supplied.nwk, results/denv2/coding-aligned.fasta
    output: results/denv2/tree.nwk, results/denv2/branch_lengths.json
    jobid: 16
    reason: Missing output files: results/denv2/tree.nwk, results/denv2/branch_lengths.json; Input files updated by another job: results/denv2/tree.supplied.nwk, results/denv2/coding-aligned.fasta
    wildcards: build=denv2
    resources: tmpdir=/tmp


[Mon Sep 28 14:41:35 2026]
localrule crop_coding_region:
    input: results/denv3/aligned.fasta, ../nextclade_data/data_output/community/v-gen-lab/dengue/denv3/2026-04-14--11-55-23Z/genome_annotation.gff3
    output: results/denv3/coding-aligned.fasta
    jobid: 31
    reason: Missing output files: results/denv3/coding-aligned.fasta; Input files updated by another job: results/denv3/aligned.fasta
    wildcards: build=denv3
    resources: tmpdir=/tmp


[Mon Sep 28 14:41:35 2026]
localrule crop_coding_region:
    input: results/denv4/aligned.fasta, ../nextclade_data/data_output/community/v-gen-lab/dengue/denv4/2026-04-14--11-55-23Z/genome_annotation.gff3
    output: results/denv4/coding-aligned.fasta
    jobid: 44
    reason: Missing output files: results/denv4/coding-aligned.fasta; Input files updated by another job: results/denv4/aligned.fasta
    wildcards: build=denv4
    resources: tmpdir=/tmp

[Mon Sep 28 14:41:35 2026]
Finished job 44.
18 of 61 steps (30%) done
Select jobs to execute...
Execute 1 jobs...

[Mon Sep 28 14:41:35 2026]
localrule refine:
    input: results/denv4/tree.supplied.nwk, results/denv4/coding-aligned.fasta
    output: results/denv4/tree.nwk, results/denv4/branch_lengths.json
    jobid: 42
    reason: Missing output files: results/denv4/tree.nwk, results/denv4/branch_lengths.json; Input files updated by another job: results/denv4/coding-aligned.fasta, results/denv4/tree.supplied.nwk
    wildcards: build=denv4
    resources: tmpdir=/tmp

[Mon Sep 28 14:41:35 2026]
Finished job 5.
19 of 61 steps (31%) done
[Mon Sep 28 14:41:35 2026]
Finished job 31.
20 of 61 steps (33%) done
Select jobs to execute...
Execute 2 jobs...

[Mon Sep 28 14:41:35 2026]
localrule refine:
    input: results/denv3/tree.supplied.nwk, results/denv3/coding-aligned.fasta
    output: results/denv3/tree.nwk, results/denv3/branch_lengths.json
    jobid: 29
    reason: Missing output files: results/denv3/tree.nwk, results/denv3/branch_lengths.json; Input files updated by another job: results/denv3/coding-aligned.fasta, results/denv3/tree.supplied.nwk
    wildcards: build=denv3
    resources: tmpdir=/tmp


[Mon Sep 28 14:41:35 2026]
localrule refine:
    input: results/denv1/tree.supplied.nwk, results/denv1/coding-aligned.fasta
    output: results/denv1/tree.nwk, results/denv1/branch_lengths.json
    jobid: 3
    reason: Missing output files: results/denv1/branch_lengths.json, results/denv1/tree.nwk; Input files updated by another job: results/denv1/coding-aligned.fasta, results/denv1/tree.supplied.nwk
    wildcards: build=denv1
    resources: tmpdir=/tmp

[Mon Sep 28 14:41:37 2026]
Finished job 42.
21 of 61 steps (34%) done
Select jobs to execute...
Execute 1 jobs...

[Mon Sep 28 14:41:37 2026]
localrule ancestral:
    input: results/denv4/tree.nwk, results/denv4/aligned.fasta, ../nextclade_data/data_output/community/v-gen-lab/dengue/denv4/2026-04-14--11-55-23Z/reference.fasta
    output: results/denv4/muts.json
    jobid: 46
    reason: Missing output files: results/denv4/muts.json; Input files updated by another job: results/denv4/tree.nwk, results/denv4/aligned.fasta
    wildcards: build=denv4
    resources: tmpdir=/tmp

[Mon Sep 28 14:41:37 2026]
Finished job 29.
22 of 61 steps (36%) done
Select jobs to execute...
Execute 1 jobs...

[Mon Sep 28 14:41:37 2026]
localrule ancestral:
    input: results/denv3/tree.nwk, results/denv3/aligned.fasta, ../nextclade_data/data_output/community/v-gen-lab/dengue/denv3/2026-04-14--11-55-23Z/reference.fasta
    output: results/denv3/muts.json
    jobid: 33
    reason: Missing output files: results/denv3/muts.json; Input files updated by another job: results/denv3/aligned.fasta, results/denv3/tree.nwk
    wildcards: build=denv3
    resources: tmpdir=/tmp

[Mon Sep 28 14:41:38 2026]
Finished job 3.
23 of 61 steps (38%) done
Select jobs to execute...
Execute 1 jobs...

[Mon Sep 28 14:41:38 2026]
localrule ancestral:
    input: results/denv1/tree.nwk, results/denv1/aligned.fasta, ../nextclade_data/data_output/community/v-gen-lab/dengue/denv1/2026-04-14--11-55-23Z/reference.fasta
    output: results/denv1/muts.json
    jobid: 7
    reason: Missing output files: results/denv1/muts.json; Input files updated by another job: results/denv1/aligned.fasta, results/denv1/tree.nwk
    wildcards: build=denv1
    resources: tmpdir=/tmp

[Mon Sep 28 14:41:38 2026]
Finished job 16.
24 of 61 steps (39%) done
Select jobs to execute...
Execute 1 jobs...

[Mon Sep 28 14:41:38 2026]
localrule ancestral:
    input: results/denv2/tree.nwk, results/denv2/aligned.fasta, ../nextclade_data/data_output/community/v-gen-lab/dengue/denv2/2026-04-14--11-55-23Z/reference.fasta
    output: results/denv2/muts.json
    jobid: 20
    reason: Missing output files: results/denv2/muts.json; Input files updated by another job: results/denv2/tree.nwk, results/denv2/aligned.fasta
    wildcards: build=denv2
    resources: tmpdir=/tmp

[Mon Sep 28 14:41:40 2026]
Finished job 46.
25 of 61 steps (41%) done
Select jobs to execute...
Execute 2 jobs...

[Mon Sep 28 14:41:40 2026]
localrule translate:
    input: results/denv4/tree.nwk, results/denv4/muts.json, ../nextclade_data/data_output/community/v-gen-lab/dengue/denv4/2026-04-14--11-55-23Z/genome_annotation.gff3
    output: results/denv4/aa_muts.json
    jobid: 47
    reason: Missing output files: results/denv4/aa_muts.json; Input files updated by another job: results/denv4/tree.nwk, results/denv4/muts.json
    wildcards: build=denv4
    resources: tmpdir=/tmp


[Mon Sep 28 14:41:40 2026]
localrule discover_markers:
    input: results/denv4/tree.nwk, results/denv4/muts.json, input/package/sequence_lineages.csv, input/package/DENV4_representatives.tree
    output: results/denv4/clades.proposed.tsv, results/denv4/marker_report.tsv
    jobid: 50
    reason: Missing output files: results/denv4/clades.proposed.tsv; Input files updated by another job: results/denv4/tree.nwk, results/denv4/muts.json
    wildcards: build=denv4
    resources: tmpdir=/tmp

[Mon Sep 28 14:41:40 2026]
Finished job 50.
26 of 61 steps (43%) done
Select jobs to execute...
Execute 2 jobs...

[Mon Sep 28 14:41:40 2026]
localrule compare_definitions:
    input: definitions/2025/denv4/clades.tsv, results/denv4/clades.proposed.tsv
    output: results/denv4/clades.diff.tsv, results/denv4/clades.version.json
    jobid: 56
    reason: Missing output files: results/denv4/clades.diff.tsv, results/denv4/clades.version.json; Input files updated by another job: results/denv4/clades.proposed.tsv
    wildcards: build=denv4
    resources: tmpdir=/tmp


[Mon Sep 28 14:41:40 2026]
localrule add_clade_inheritance:
    input: results/denv4/clades.proposed.tsv, input/package/DENV4_representatives.tree
    output: results/denv4/clades.inherited.tsv, results/denv4/inheritance.tsv
    jobid: 49
    reason: Missing output files: results/denv4/clades.inherited.tsv; Input files updated by another job: results/denv4/clades.proposed.tsv
    wildcards: build=denv4
    resources: tmpdir=/tmp

[Mon Sep 28 14:41:40 2026]
Finished job 56.
27 of 61 steps (44%) done
[Mon Sep 28 14:41:40 2026]
Finished job 49.
28 of 61 steps (46%) done
Select jobs to execute...
Execute 1 jobs...

[Mon Sep 28 14:41:40 2026]
localrule clades:
    input: results/denv4/tree.nwk, results/denv4/muts.json, results/denv4/clades.inherited.tsv
    output: results/denv4/clades.json
    jobid: 48
    reason: Missing output files: results/denv4/clades.json; Input files updated by another job: results/denv4/tree.nwk, results/denv4/muts.json, results/denv4/clades.inherited.tsv
    wildcards: build=denv4
    resources: tmpdir=/tmp

[Mon Sep 28 14:41:41 2026]
Finished job 47.
29 of 61 steps (48%) done
[Mon Sep 28 14:41:41 2026]
Finished job 33.
30 of 61 steps (49%) done
Select jobs to execute...
Execute 2 jobs...

[Mon Sep 28 14:41:41 2026]
localrule translate:
    input: results/denv3/tree.nwk, results/denv3/muts.json, ../nextclade_data/data_output/community/v-gen-lab/dengue/denv3/2026-04-14--11-55-23Z/genome_annotation.gff3
    output: results/denv3/aa_muts.json
    jobid: 34
    reason: Missing output files: results/denv3/aa_muts.json; Input files updated by another job: results/denv3/tree.nwk, results/denv3/muts.json
    wildcards: build=denv3
    resources: tmpdir=/tmp


[Mon Sep 28 14:41:41 2026]
localrule discover_markers:
    input: results/denv3/tree.nwk, results/denv3/muts.json, input/package/sequence_lineages.csv, input/package/DENV3_representatives.tree
    output: results/denv3/clades.proposed.tsv, results/denv3/marker_report.tsv
    jobid: 37
    reason: Missing output files: results/denv3/clades.proposed.tsv; Input files updated by another job: results/denv3/tree.nwk, results/denv3/muts.json
    wildcards: build=denv3
    resources: tmpdir=/tmp

[Mon Sep 28 14:41:42 2026]
Finished job 37.
31 of 61 steps (51%) done
Select jobs to execute...
Execute 2 jobs...

[Mon Sep 28 14:41:42 2026]
localrule compare_definitions:
    input: definitions/2025/denv3/clades.tsv, results/denv3/clades.proposed.tsv
    output: results/denv3/clades.diff.tsv, results/denv3/clades.version.json
    jobid: 55
    reason: Missing output files: results/denv3/clades.diff.tsv, results/denv3/clades.version.json; Input files updated by another job: results/denv3/clades.proposed.tsv
    wildcards: build=denv3
    resources: tmpdir=/tmp


[Mon Sep 28 14:41:42 2026]
localrule add_clade_inheritance:
    input: results/denv3/clades.proposed.tsv, input/package/DENV3_representatives.tree
    output: results/denv3/clades.inherited.tsv, results/denv3/inheritance.tsv
    jobid: 36
    reason: Missing output files: results/denv3/clades.inherited.tsv; Input files updated by another job: results/denv3/clades.proposed.tsv
    wildcards: build=denv3
    resources: tmpdir=/tmp

[Mon Sep 28 14:41:42 2026]
Finished job 55.
32 of 61 steps (52%) done
[Mon Sep 28 14:41:42 2026]
Finished job 48.
33 of 61 steps (54%) done
Select jobs to execute...
Execute 1 jobs...

[Mon Sep 28 14:41:42 2026]
localrule export_tree:
    input: results/denv4/tree.nwk, results/denv4/branch_lengths.json, results/denv4/muts.json, results/denv4/aa_muts.json, results/denv4/clades.json, results/denv4/metadata.tsv, results/denv4/colors.tsv, config/auspice_config_d4.json, ../nextclade_data/data_output/community/v-gen-lab/dengue/denv4/2026-04-14--11-55-23Z/genome_annotation.gff3, ../nextclade_data/data_output/community/v-gen-lab/dengue/denv4/2026-04-14--11-55-23Z/reference.fasta, scripts/derive_placement_mask_ranges.py, scripts/crop_coding_region.py
    output: results/denv4/tree.json
    jobid: 41
    reason: Missing output files: results/denv4/tree.json; Input files updated by another job: results/denv4/tree.nwk, results/denv4/branch_lengths.json, results/denv4/aa_muts.json, results/denv4/clades.json, results/denv4/metadata.tsv, results/denv4/muts.json, results/denv4/colors.tsv
    wildcards: build=denv4
    resources: tmpdir=/tmp

[Mon Sep 28 14:41:42 2026]
Finished job 36.
34 of 61 steps (56%) done
Select jobs to execute...
Execute 1 jobs...

[Mon Sep 28 14:41:42 2026]
localrule clades:
    input: results/denv3/tree.nwk, results/denv3/muts.json, results/denv3/clades.inherited.tsv
    output: results/denv3/clades.json
    jobid: 35
    reason: Missing output files: results/denv3/clades.json; Input files updated by another job: results/denv3/tree.nwk, results/denv3/muts.json, results/denv3/clades.inherited.tsv
    wildcards: build=denv3
    resources: tmpdir=/tmp

[Mon Sep 28 14:41:43 2026]
Finished job 35.
35 of 61 steps (57%) done
[Mon Sep 28 14:41:43 2026]
Finished job 34.
36 of 61 steps (59%) done
Select jobs to execute...
Execute 1 jobs...

[Mon Sep 28 14:41:43 2026]
localrule export_tree:
    input: results/denv3/tree.nwk, results/denv3/branch_lengths.json, results/denv3/muts.json, results/denv3/aa_muts.json, results/denv3/clades.json, results/denv3/metadata.tsv, results/denv3/colors.tsv, config/auspice_config_d3.json, ../nextclade_data/data_output/community/v-gen-lab/dengue/denv3/2026-04-14--11-55-23Z/genome_annotation.gff3, ../nextclade_data/data_output/community/v-gen-lab/dengue/denv3/2026-04-14--11-55-23Z/reference.fasta, scripts/derive_placement_mask_ranges.py, scripts/crop_coding_region.py
    output: results/denv3/tree.json
    jobid: 28
    reason: Missing output files: results/denv3/tree.json; Input files updated by another job: results/denv3/tree.nwk, results/denv3/branch_lengths.json, results/denv3/colors.tsv, results/denv3/clades.json, results/denv3/metadata.tsv, results/denv3/aa_muts.json, results/denv3/muts.json
    wildcards: build=denv3
    resources: tmpdir=/tmp

[Mon Sep 28 14:41:43 2026]
Finished job 41.
37 of 61 steps (61%) done
Removing temporary output results/denv4/metadata.tsv.
Select jobs to execute...
Execute 2 jobs...

[Mon Sep 28 14:41:43 2026]
localrule assemble_dataset:
    input: scripts/assemble_dataset.py, scripts/data_use.py, input/metadata-runs/20260928T174132753883Z-d047b843/snapshot.json, config/data-use/pathoplexus.md, definitions/2025/denv4/clades.tsv, results/denv4/clades.inherited.tsv, results/denv4/tree.json, input/package/DENV4_test_set.fasta, ../nextclade_data/data_output/community/v-gen-lab/dengue/denv4/2026-04-14--11-55-23Z/README.md, ../nextclade_data/data_output/community/v-gen-lab/dengue/denv4/2026-04-14--11-55-23Z/reference.fasta, ../nextclade_data/data_output/community/v-gen-lab/dengue/denv4/2026-04-14--11-55-23Z/pathogen.json, ../nextclade_data/data_output/community/v-gen-lab/dengue/denv4/2026-04-14--11-55-23Z/genome_annotation.gff3, ../nextclade_data/data_output/community/v-gen-lab/dengue/denv4/2026-04-14--11-55-23Z/CHANGELOG.md
    output: results/datasets/denv4/data-use.tsv, results/datasets/denv4/README.md, results/datasets/denv4/CHANGELOG.md, results/datasets/denv4/reference.fasta, results/datasets/denv4/pathogen.json, results/datasets/denv4/genome_annotation.gff3, results/datasets/denv4/sequences.fasta, results/datasets/denv4/tree.json
    jobid: 60
    reason: Missing output files: results/datasets/denv4/README.md, results/datasets/denv4/pathogen.json, results/datasets/denv4/reference.fasta, results/datasets/denv4/sequences.fasta, results/datasets/denv4/tree.json, results/datasets/denv4/CHANGELOG.md, results/datasets/denv4/genome_annotation.gff3, results/datasets/denv4/data-use.tsv; Input files updated by another job: results/denv4/tree.json, results/denv4/clades.inherited.tsv
    wildcards: build=denv4
    resources: tmpdir=/tmp


[Mon Sep 28 14:41:43 2026]
localrule validate:
    input: results/denv4/tree.json, ../nextclade_data/data_output/community/v-gen-lab/dengue/denv4/2026-04-14--11-55-23Z/reference.fasta, ../nextclade_data/data_output/community/v-gen-lab/dengue/denv4/2026-04-14--11-55-23Z/pathogen.json, ../nextclade_data/data_output/community/v-gen-lab/dengue/denv4/2026-04-14--11-55-23Z/genome_annotation.gff3, input/package/DENV4_test_set.fasta, input/package/test_set.csv
    output: results/denv4/validation.tsv
    jobid: 40
    reason: Missing output files: results/denv4/validation.tsv; Input files updated by another job: results/denv4/tree.json
    wildcards: build=denv4
    resources: tmpdir=/tmp

[Mon Sep 28 14:41:43 2026]
Finished job 60.
38 of 61 steps (62%) done
[Mon Sep 28 14:41:43 2026]
Finished job 40.
39 of 61 steps (64%) done
[Mon Sep 28 14:41:44 2026]
Finished job 28.
40 of 61 steps (66%) done
Removing temporary output results/denv3/metadata.tsv.
Select jobs to execute...
Execute 2 jobs...

[Mon Sep 28 14:41:44 2026]
localrule assemble_dataset:
    input: scripts/assemble_dataset.py, scripts/data_use.py, input/metadata-runs/20260928T174132753883Z-d047b843/snapshot.json, config/data-use/pathoplexus.md, definitions/2025/denv3/clades.tsv, results/denv3/clades.inherited.tsv, results/denv3/tree.json, input/package/DENV3_test_set.fasta, ../nextclade_data/data_output/community/v-gen-lab/dengue/denv3/2026-04-14--11-55-23Z/README.md, ../nextclade_data/data_output/community/v-gen-lab/dengue/denv3/2026-04-14--11-55-23Z/reference.fasta, ../nextclade_data/data_output/community/v-gen-lab/dengue/denv3/2026-04-14--11-55-23Z/pathogen.json, ../nextclade_data/data_output/community/v-gen-lab/dengue/denv3/2026-04-14--11-55-23Z/genome_annotation.gff3, ../nextclade_data/data_output/community/v-gen-lab/dengue/denv3/2026-04-14--11-55-23Z/CHANGELOG.md
    output: results/datasets/denv3/data-use.tsv, results/datasets/denv3/README.md, results/datasets/denv3/CHANGELOG.md, results/datasets/denv3/reference.fasta, results/datasets/denv3/pathogen.json, results/datasets/denv3/genome_annotation.gff3, results/datasets/denv3/sequences.fasta, results/datasets/denv3/tree.json
    jobid: 59
    reason: Missing output files: results/datasets/denv3/README.md, results/datasets/denv3/reference.fasta, results/datasets/denv3/data-use.tsv, results/datasets/denv3/tree.json, results/datasets/denv3/sequences.fasta, results/datasets/denv3/pathogen.json, results/datasets/denv3/CHANGELOG.md, results/datasets/denv3/genome_annotation.gff3; Input files updated by another job: results/denv3/tree.json, results/denv3/clades.inherited.tsv
    wildcards: build=denv3
    resources: tmpdir=/tmp


[Mon Sep 28 14:41:44 2026]
localrule validate:
    input: results/denv3/tree.json, ../nextclade_data/data_output/community/v-gen-lab/dengue/denv3/2026-04-14--11-55-23Z/reference.fasta, ../nextclade_data/data_output/community/v-gen-lab/dengue/denv3/2026-04-14--11-55-23Z/pathogen.json, ../nextclade_data/data_output/community/v-gen-lab/dengue/denv3/2026-04-14--11-55-23Z/genome_annotation.gff3, input/package/DENV3_test_set.fasta, input/package/test_set.csv
    output: results/denv3/validation.tsv
    jobid: 27
    reason: Missing output files: results/denv3/validation.tsv; Input files updated by another job: results/denv3/tree.json
    wildcards: build=denv3
    resources: tmpdir=/tmp

[Mon Sep 28 14:41:44 2026]
Finished job 59.
41 of 61 steps (67%) done
[Mon Sep 28 14:41:44 2026]
Finished job 27.
42 of 61 steps (69%) done
[Mon Sep 28 14:41:46 2026]
Finished job 7.
43 of 61 steps (70%) done
Select jobs to execute...
Execute 2 jobs...

[Mon Sep 28 14:41:46 2026]
localrule translate:
    input: results/denv1/tree.nwk, results/denv1/muts.json, ../nextclade_data/data_output/community/v-gen-lab/dengue/denv1/2026-04-14--11-55-23Z/genome_annotation.gff3
    output: results/denv1/aa_muts.json
    jobid: 8
    reason: Missing output files: results/denv1/aa_muts.json; Input files updated by another job: results/denv1/muts.json, results/denv1/tree.nwk
    wildcards: build=denv1
    resources: tmpdir=/tmp


[Mon Sep 28 14:41:46 2026]
localrule discover_markers:
    input: results/denv1/tree.nwk, results/denv1/muts.json, input/package/sequence_lineages.csv, input/package/DENV1_representatives.tree
    output: results/denv1/clades.proposed.tsv, results/denv1/marker_report.tsv
    jobid: 11
    reason: Missing output files: results/denv1/clades.proposed.tsv; Input files updated by another job: results/denv1/muts.json, results/denv1/tree.nwk
    wildcards: build=denv1
    resources: tmpdir=/tmp

[Mon Sep 28 14:41:46 2026]
Finished job 11.
44 of 61 steps (72%) done
Select jobs to execute...
Execute 2 jobs...

[Mon Sep 28 14:41:46 2026]
localrule compare_definitions:
    input: definitions/2025/denv1/clades.tsv, results/denv1/clades.proposed.tsv
    output: results/denv1/clades.diff.tsv, results/denv1/clades.version.json
    jobid: 53
    reason: Missing output files: results/denv1/clades.diff.tsv, results/denv1/clades.version.json; Input files updated by another job: results/denv1/clades.proposed.tsv
    wildcards: build=denv1
    resources: tmpdir=/tmp


[Mon Sep 28 14:41:46 2026]
localrule add_clade_inheritance:
    input: results/denv1/clades.proposed.tsv, input/package/DENV1_representatives.tree
    output: results/denv1/clades.inherited.tsv, results/denv1/inheritance.tsv
    jobid: 10
    reason: Missing output files: results/denv1/clades.inherited.tsv; Input files updated by another job: results/denv1/clades.proposed.tsv
    wildcards: build=denv1
    resources: tmpdir=/tmp

[Mon Sep 28 14:41:46 2026]
Finished job 53.
45 of 61 steps (74%) done
[Mon Sep 28 14:41:47 2026]
Finished job 10.
46 of 61 steps (75%) done
Select jobs to execute...
Execute 1 jobs...

[Mon Sep 28 14:41:47 2026]
localrule clades:
    input: results/denv1/tree.nwk, results/denv1/muts.json, results/denv1/clades.inherited.tsv
    output: results/denv1/clades.json
    jobid: 9
    reason: Missing output files: results/denv1/clades.json; Input files updated by another job: results/denv1/muts.json, results/denv1/clades.inherited.tsv, results/denv1/tree.nwk
    wildcards: build=denv1
    resources: tmpdir=/tmp

[Mon Sep 28 14:41:48 2026]
Finished job 8.
47 of 61 steps (77%) done
[Mon Sep 28 14:41:48 2026]
Finished job 9.
48 of 61 steps (79%) done
Select jobs to execute...
Execute 1 jobs...

[Mon Sep 28 14:41:48 2026]
localrule export_tree:
    input: results/denv1/tree.nwk, results/denv1/branch_lengths.json, results/denv1/muts.json, results/denv1/aa_muts.json, results/denv1/clades.json, results/denv1/metadata.tsv, results/denv1/colors.tsv, config/auspice_config_d1.json, ../nextclade_data/data_output/community/v-gen-lab/dengue/denv1/2026-04-14--11-55-23Z/genome_annotation.gff3, ../nextclade_data/data_output/community/v-gen-lab/dengue/denv1/2026-04-14--11-55-23Z/reference.fasta, scripts/derive_placement_mask_ranges.py, scripts/crop_coding_region.py
    output: results/denv1/tree.json
    jobid: 2
    reason: Missing output files: results/denv1/tree.json; Input files updated by another job: results/denv1/muts.json, results/denv1/aa_muts.json, results/denv1/clades.json, results/denv1/branch_lengths.json, results/denv1/tree.nwk, results/denv1/metadata.tsv, results/denv1/colors.tsv
    wildcards: build=denv1
    resources: tmpdir=/tmp

[Mon Sep 28 14:41:48 2026]
Finished job 20.
49 of 61 steps (80%) done
Select jobs to execute...
Execute 2 jobs...

[Mon Sep 28 14:41:48 2026]
localrule discover_markers:
    input: results/denv2/tree.nwk, results/denv2/muts.json, input/package/sequence_lineages.csv, input/package/DENV2_representatives.tree
    output: results/denv2/clades.proposed.tsv, results/denv2/marker_report.tsv
    jobid: 24
    reason: Missing output files: results/denv2/clades.proposed.tsv; Input files updated by another job: results/denv2/tree.nwk, results/denv2/muts.json
    wildcards: build=denv2
    resources: tmpdir=/tmp


[Mon Sep 28 14:41:48 2026]
localrule translate:
    input: results/denv2/tree.nwk, results/denv2/muts.json, ../nextclade_data/data_output/community/v-gen-lab/dengue/denv2/2026-04-14--11-55-23Z/genome_annotation.gff3
    output: results/denv2/aa_muts.json
    jobid: 21
    reason: Missing output files: results/denv2/aa_muts.json; Input files updated by another job: results/denv2/tree.nwk, results/denv2/muts.json
    wildcards: build=denv2
    resources: tmpdir=/tmp

[Mon Sep 28 14:41:49 2026]
Finished job 24.
50 of 61 steps (82%) done
Select jobs to execute...
Execute 2 jobs...

[Mon Sep 28 14:41:49 2026]
localrule add_clade_inheritance:
    input: results/denv2/clades.proposed.tsv, input/package/DENV2_representatives.tree
    output: results/denv2/clades.inherited.tsv, results/denv2/inheritance.tsv
    jobid: 23
    reason: Missing output files: results/denv2/clades.inherited.tsv; Input files updated by another job: results/denv2/clades.proposed.tsv
    wildcards: build=denv2
    resources: tmpdir=/tmp


[Mon Sep 28 14:41:49 2026]
localrule compare_definitions:
    input: definitions/2025/denv2/clades.tsv, results/denv2/clades.proposed.tsv
    output: results/denv2/clades.diff.tsv, results/denv2/clades.version.json
    jobid: 54
    reason: Missing output files: results/denv2/clades.version.json, results/denv2/clades.diff.tsv; Input files updated by another job: results/denv2/clades.proposed.tsv
    wildcards: build=denv2
    resources: tmpdir=/tmp

[Mon Sep 28 14:41:49 2026]
Finished job 54.
51 of 61 steps (84%) done
[Mon Sep 28 14:41:49 2026]
Finished job 23.
52 of 61 steps (85%) done
Select jobs to execute...
Execute 1 jobs...

[Mon Sep 28 14:41:49 2026]
localrule clades:
    input: results/denv2/tree.nwk, results/denv2/muts.json, results/denv2/clades.inherited.tsv
    output: results/denv2/clades.json
    jobid: 22
    reason: Missing output files: results/denv2/clades.json; Input files updated by another job: results/denv2/tree.nwk, results/denv2/muts.json, results/denv2/clades.inherited.tsv
    wildcards: build=denv2
    resources: tmpdir=/tmp

[Mon Sep 28 14:41:49 2026]
Finished job 2.
53 of 61 steps (87%) done
Removing temporary output results/denv1/metadata.tsv.
Select jobs to execute...
Execute 2 jobs...

[Mon Sep 28 14:41:49 2026]
localrule validate:
    input: results/denv1/tree.json, ../nextclade_data/data_output/community/v-gen-lab/dengue/denv1/2026-04-14--11-55-23Z/reference.fasta, ../nextclade_data/data_output/community/v-gen-lab/dengue/denv1/2026-04-14--11-55-23Z/pathogen.json, ../nextclade_data/data_output/community/v-gen-lab/dengue/denv1/2026-04-14--11-55-23Z/genome_annotation.gff3, input/package/DENV1_test_set.fasta, input/package/test_set.csv
    output: results/denv1/validation.tsv
    jobid: 1
    reason: Missing output files: results/denv1/validation.tsv; Input files updated by another job: results/denv1/tree.json
    wildcards: build=denv1
    resources: tmpdir=/tmp


[Mon Sep 28 14:41:49 2026]
localrule assemble_dataset:
    input: scripts/assemble_dataset.py, scripts/data_use.py, input/metadata-runs/20260928T174132753883Z-d047b843/snapshot.json, config/data-use/pathoplexus-restricted.md, definitions/2025/denv1/clades.tsv, results/denv1/clades.inherited.tsv, results/denv1/tree.json, input/package/DENV1_test_set.fasta, ../nextclade_data/data_output/community/v-gen-lab/dengue/denv1/2026-04-14--11-55-23Z/README.md, ../nextclade_data/data_output/community/v-gen-lab/dengue/denv1/2026-04-14--11-55-23Z/reference.fasta, ../nextclade_data/data_output/community/v-gen-lab/dengue/denv1/2026-04-14--11-55-23Z/pathogen.json, ../nextclade_data/data_output/community/v-gen-lab/dengue/denv1/2026-04-14--11-55-23Z/genome_annotation.gff3, ../nextclade_data/data_output/community/v-gen-lab/dengue/denv1/2026-04-14--11-55-23Z/CHANGELOG.md
    output: results/datasets/denv1/data-use.tsv, results/datasets/denv1/README.md, results/datasets/denv1/CHANGELOG.md, results/datasets/denv1/reference.fasta, results/datasets/denv1/pathogen.json, results/datasets/denv1/genome_annotation.gff3, results/datasets/denv1/sequences.fasta, results/datasets/denv1/tree.json
    jobid: 57
    reason: Missing output files: results/datasets/denv1/sequences.fasta, results/datasets/denv1/reference.fasta, results/datasets/denv1/data-use.tsv, results/datasets/denv1/tree.json, results/datasets/denv1/CHANGELOG.md, results/datasets/denv1/pathogen.json, results/datasets/denv1/genome_annotation.gff3, results/datasets/denv1/README.md; Input files updated by another job: results/denv1/clades.inherited.tsv, results/denv1/tree.json
    wildcards: build=denv1
    resources: tmpdir=/tmp

[Mon Sep 28 14:41:49 2026]
Finished job 57.
54 of 61 steps (89%) done
[Mon Sep 28 14:41:50 2026]
Finished job 1.
55 of 61 steps (90%) done
[Mon Sep 28 14:41:50 2026]
Finished job 21.
56 of 61 steps (92%) done
[Mon Sep 28 14:41:50 2026]
Finished job 22.
57 of 61 steps (93%) done
Select jobs to execute...
Execute 1 jobs...

[Mon Sep 28 14:41:50 2026]
localrule export_tree:
    input: results/denv2/tree.nwk, results/denv2/branch_lengths.json, results/denv2/muts.json, results/denv2/aa_muts.json, results/denv2/clades.json, results/denv2/metadata.tsv, results/denv2/colors.tsv, config/auspice_config_d2.json, ../nextclade_data/data_output/community/v-gen-lab/dengue/denv2/2026-04-14--11-55-23Z/genome_annotation.gff3, ../nextclade_data/data_output/community/v-gen-lab/dengue/denv2/2026-04-14--11-55-23Z/reference.fasta, scripts/derive_placement_mask_ranges.py, scripts/crop_coding_region.py
    output: results/denv2/tree.json
    jobid: 15
    reason: Missing output files: results/denv2/tree.json; Input files updated by another job: results/denv2/colors.tsv, results/denv2/branch_lengths.json, results/denv2/clades.json, results/denv2/muts.json, results/denv2/tree.nwk, results/denv2/metadata.tsv, results/denv2/aa_muts.json
    wildcards: build=denv2
    resources: tmpdir=/tmp

[Mon Sep 28 14:41:52 2026]
Finished job 15.
58 of 61 steps (95%) done
Removing temporary output results/denv2/metadata.tsv.
Select jobs to execute...
Execute 2 jobs...

[Mon Sep 28 14:41:52 2026]
localrule assemble_dataset:
    input: scripts/assemble_dataset.py, scripts/data_use.py, input/metadata-runs/20260928T174132753883Z-d047b843/snapshot.json, config/data-use/pathoplexus-restricted.md, definitions/2025/denv2/clades.tsv, results/denv2/clades.inherited.tsv, results/denv2/tree.json, input/package/DENV2_test_set.fasta, ../nextclade_data/data_output/community/v-gen-lab/dengue/denv2/2026-04-14--11-55-23Z/README.md, ../nextclade_data/data_output/community/v-gen-lab/dengue/denv2/2026-04-14--11-55-23Z/reference.fasta, ../nextclade_data/data_output/community/v-gen-lab/dengue/denv2/2026-04-14--11-55-23Z/pathogen.json, ../nextclade_data/data_output/community/v-gen-lab/dengue/denv2/2026-04-14--11-55-23Z/genome_annotation.gff3, ../nextclade_data/data_output/community/v-gen-lab/dengue/denv2/2026-04-14--11-55-23Z/CHANGELOG.md
    output: results/datasets/denv2/data-use.tsv, results/datasets/denv2/README.md, results/datasets/denv2/CHANGELOG.md, results/datasets/denv2/reference.fasta, results/datasets/denv2/pathogen.json, results/datasets/denv2/genome_annotation.gff3, results/datasets/denv2/sequences.fasta, results/datasets/denv2/tree.json
    jobid: 58
    reason: Missing output files: results/datasets/denv2/genome_annotation.gff3, results/datasets/denv2/CHANGELOG.md, results/datasets/denv2/pathogen.json, results/datasets/denv2/data-use.tsv, results/datasets/denv2/sequences.fasta, results/datasets/denv2/tree.json, results/datasets/denv2/README.md, results/datasets/denv2/reference.fasta; Input files updated by another job: results/denv2/tree.json, results/denv2/clades.inherited.tsv
    wildcards: build=denv2
    resources: tmpdir=/tmp


[Mon Sep 28 14:41:52 2026]
localrule validate:
    input: results/denv2/tree.json, ../nextclade_data/data_output/community/v-gen-lab/dengue/denv2/2026-04-14--11-55-23Z/reference.fasta, ../nextclade_data/data_output/community/v-gen-lab/dengue/denv2/2026-04-14--11-55-23Z/pathogen.json, ../nextclade_data/data_output/community/v-gen-lab/dengue/denv2/2026-04-14--11-55-23Z/genome_annotation.gff3, input/package/DENV2_test_set.fasta, input/package/test_set.csv
    output: results/denv2/validation.tsv
    jobid: 14
    reason: Missing output files: results/denv2/validation.tsv; Input files updated by another job: results/denv2/tree.json
    wildcards: build=denv2
    resources: tmpdir=/tmp

[Mon Sep 28 14:41:52 2026]
Finished job 58.
59 of 61 steps (97%) done
[Mon Sep 28 14:41:53 2026]
Finished job 14.
60 of 61 steps (98%) done
Select jobs to execute...
Execute 1 jobs...

[Mon Sep 28 14:41:53 2026]
localrule all:
    input: results/denv1/validation.tsv, results/denv2/validation.tsv, results/denv3/validation.tsv, results/denv4/validation.tsv, results/denv1/tree.json, results/denv2/tree.json, results/denv3/tree.json, results/denv4/tree.json, results/denv1/clades.diff.tsv, results/denv2/clades.diff.tsv, results/denv3/clades.diff.tsv, results/denv4/clades.diff.tsv, results/denv1/clades.version.json, results/denv2/clades.version.json, results/denv3/clades.version.json, results/denv4/clades.version.json, results/datasets/denv1/data-use.tsv, results/datasets/denv1/README.md, results/datasets/denv1/CHANGELOG.md, results/datasets/denv1/reference.fasta, results/datasets/denv1/pathogen.json, results/datasets/denv1/genome_annotation.gff3, results/datasets/denv1/sequences.fasta, results/datasets/denv1/tree.json, results/datasets/denv2/data-use.tsv, results/datasets/denv2/README.md, results/datasets/denv2/CHANGELOG.md, results/datasets/denv2/reference.fasta, results/datasets/denv2/pathogen.json, results/datasets/denv2/genome_annotation.gff3, results/datasets/denv2/sequences.fasta, results/datasets/denv2/tree.json, results/datasets/denv3/data-use.tsv, results/datasets/denv3/README.md, results/datasets/denv3/CHANGELOG.md, results/datasets/denv3/reference.fasta, results/datasets/denv3/pathogen.json, results/datasets/denv3/genome_annotation.gff3, results/datasets/denv3/sequences.fasta, results/datasets/denv3/tree.json, results/datasets/denv4/data-use.tsv, results/datasets/denv4/README.md, results/datasets/denv4/CHANGELOG.md, results/datasets/denv4/reference.fasta, results/datasets/denv4/pathogen.json, results/datasets/denv4/genome_annotation.gff3, results/datasets/denv4/sequences.fasta, results/datasets/denv4/tree.json
    jobid: 0
    reason: Input files updated by another job: results/denv1/clades.diff.tsv, results/datasets/denv3/reference.fasta, results/datasets/denv2/CHANGELOG.md, results/datasets/denv2/genome_annotation.gff3, results/datasets/denv3/tree.json, results/datasets/denv4/reference.fasta, results/denv4/clades.version.json, results/datasets/denv1/genome_annotation.gff3, results/datasets/denv2/README.md, results/datasets/denv3/genome_annotation.gff3, results/denv2/clades.diff.tsv, results/datasets/denv1/README.md, results/datasets/denv4/README.md, results/denv2/clades.version.json, results/denv1/validation.tsv, results/datasets/denv1/sequences.fasta, results/denv4/tree.json, results/datasets/denv4/sequences.fasta, results/datasets/denv1/tree.json, results/datasets/denv2/sequences.fasta, results/denv3/validation.tsv, results/denv4/clades.diff.tsv, results/datasets/denv1/CHANGELOG.md, results/datasets/denv4/CHANGELOG.md, results/datasets/denv4/genome_annotation.gff3, results/denv4/validation.tsv, results/datasets/denv4/data-use.tsv, results/datasets/denv3/README.md, results/datasets/denv1/reference.fasta, results/datasets/denv3/data-use.tsv, results/denv3/clades.version.json, results/datasets/denv2/data-use.tsv, results/datasets/denv3/pathogen.json, results/denv3/clades.diff.tsv, results/denv3/tree.json, results/datasets/denv1/pathogen.json, results/datasets/denv2/reference.fasta, results/datasets/denv4/pathogen.json, results/denv1/tree.json, results/datasets/denv2/pathogen.json, results/denv2/tree.json, results/denv2/validation.tsv, results/datasets/denv2/tree.json, results/datasets/denv1/data-use.tsv, results/datasets/denv3/sequences.fasta, results/denv1/clades.version.json, results/datasets/denv3/CHANGELOG.md, results/datasets/denv4/tree.json
    resources: tmpdir=/tmp

[Mon Sep 28 14:41:53 2026]
Finished job 0.
61 of 61 steps (100%) done
Complete log: .snakemake/log/2026-09-28T144133.210239.snakemake.log
