Building DAG of jobs...
Using shell: /usr/bin/bash
Provided cores: 8
Rules claiming more threads will be scaled down.
Job stats:
job                        count
-----------------------  -------
add_clade_inheritance          4
align                          4
all                            1
ancestral                      4
assemble_dataset               4
assign_colors                  4
clades                         4
compare_definitions            4
crop_coding_region             4
discover_markers               4
export_tree                    4
generate_metadata              4
refine                         4
supplied_tree_to_newick        4
validate                       4
total                         57

Select jobs to execute...
Execute 1 jobs...

[Tue Sep 22 09:45:21 2026]
localrule align:
    input: input/package/DENV3_representatives.fasta, ../nextclade_data/data_output/community/v-gen-lab/dengue/denv3/2026-04-14--11-55-23Z/reference.fasta, ../nextclade_data/data_output/community/v-gen-lab/dengue/denv3/2026-04-14--11-55-23Z/pathogen.json, ../nextclade_data/data_output/community/v-gen-lab/dengue/denv3/2026-04-14--11-55-23Z/genome_annotation.gff3
    output: results/denv3/aligned.fasta
    jobid: 30
    reason: Missing output files: results/denv3/aligned.fasta
    wildcards: build=denv3
    threads: 8
    resources: tmpdir=/tmp

[Tue Sep 22 09:45:21 2026]
Finished job 30.
1 of 57 steps (2%) done
Select jobs to execute...
Execute 8 jobs...

[Tue Sep 22 09:45:21 2026]
localrule generate_metadata:
    input: input/package/sequence_lineages.csv
    output: results/denv2/metadata.tsv, results/denv2/color_ordering.tsv
    jobid: 23
    reason: Missing output files: results/denv2/metadata.tsv, results/denv2/color_ordering.tsv
    wildcards: build=denv2
    resources: tmpdir=/tmp


[Tue Sep 22 09:45:21 2026]
localrule generate_metadata:
    input: input/package/sequence_lineages.csv
    output: results/denv4/metadata.tsv, results/denv4/color_ordering.tsv
    jobid: 47
    reason: Missing output files: results/denv4/color_ordering.tsv, results/denv4/metadata.tsv
    wildcards: build=denv4
    resources: tmpdir=/tmp


[Tue Sep 22 09:45:21 2026]
localrule generate_metadata:
    input: input/package/sequence_lineages.csv
    output: results/denv3/metadata.tsv, results/denv3/color_ordering.tsv
    jobid: 35
    reason: Missing output files: results/denv3/metadata.tsv, results/denv3/color_ordering.tsv
    wildcards: build=denv3
    resources: tmpdir=/tmp


[Tue Sep 22 09:45:21 2026]
localrule supplied_tree_to_newick:
    input: input/package/DENV3_representatives.tree, input/package/DENV3_representatives.fasta
    output: results/denv3/tree.supplied.nwk
    jobid: 28
    reason: Missing output files: results/denv3/tree.supplied.nwk
    wildcards: build=denv3
    resources: tmpdir=/tmp


[Tue Sep 22 09:45:21 2026]
localrule generate_metadata:
    input: input/package/sequence_lineages.csv
    output: results/denv1/metadata.tsv, results/denv1/color_ordering.tsv
    jobid: 11
    reason: Missing output files: results/denv1/color_ordering.tsv, results/denv1/metadata.tsv
    wildcards: build=denv1
    resources: tmpdir=/tmp


[Tue Sep 22 09:45:21 2026]
localrule supplied_tree_to_newick:
    input: input/package/DENV2_representatives.tree, input/package/DENV2_representatives.fasta
    output: results/denv2/tree.supplied.nwk
    jobid: 16
    reason: Missing output files: results/denv2/tree.supplied.nwk
    wildcards: build=denv2
    resources: tmpdir=/tmp


[Tue Sep 22 09:45:21 2026]
localrule supplied_tree_to_newick:
    input: input/package/DENV4_representatives.tree, input/package/DENV4_representatives.fasta
    output: results/denv4/tree.supplied.nwk
    jobid: 40
    reason: Missing output files: results/denv4/tree.supplied.nwk
    wildcards: build=denv4
    resources: tmpdir=/tmp


[Tue Sep 22 09:45:21 2026]
localrule supplied_tree_to_newick:
    input: input/package/DENV1_representatives.tree, input/package/DENV1_representatives.fasta
    output: results/denv1/tree.supplied.nwk
    jobid: 4
    reason: Missing output files: results/denv1/tree.supplied.nwk
    wildcards: build=denv1
    resources: tmpdir=/tmp

[Tue Sep 22 09:45:21 2026]
Finished job 23.
2 of 57 steps (4%) done
Select jobs to execute...
Execute 1 jobs...

[Tue Sep 22 09:45:21 2026]
localrule assign_colors:
    input: results/denv2/color_ordering.tsv, results/denv2/metadata.tsv, config/color_schemes.tsv
    output: results/denv2/colors.tsv
    jobid: 24
    reason: Missing output files: results/denv2/colors.tsv; Input files updated by another job: results/denv2/metadata.tsv, results/denv2/color_ordering.tsv
    wildcards: build=denv2
    resources: tmpdir=/tmp

[Tue Sep 22 09:45:21 2026]
Finished job 35.
3 of 57 steps (5%) done
[Tue Sep 22 09:45:21 2026]
Finished job 47.
4 of 57 steps (7%) done
[Tue Sep 22 09:45:21 2026]
Finished job 11.
5 of 57 steps (9%) done
Select jobs to execute...
Execute 3 jobs...

[Tue Sep 22 09:45:21 2026]
localrule assign_colors:
    input: results/denv4/color_ordering.tsv, results/denv4/metadata.tsv, config/color_schemes.tsv
    output: results/denv4/colors.tsv
    jobid: 48
    reason: Missing output files: results/denv4/colors.tsv; Input files updated by another job: results/denv4/color_ordering.tsv, results/denv4/metadata.tsv
    wildcards: build=denv4
    resources: tmpdir=/tmp


[Tue Sep 22 09:45:21 2026]
localrule assign_colors:
    input: results/denv3/color_ordering.tsv, results/denv3/metadata.tsv, config/color_schemes.tsv
    output: results/denv3/colors.tsv
    jobid: 36
    reason: Missing output files: results/denv3/colors.tsv; Input files updated by another job: results/denv3/color_ordering.tsv, results/denv3/metadata.tsv
    wildcards: build=denv3
    resources: tmpdir=/tmp


[Tue Sep 22 09:45:21 2026]
localrule assign_colors:
    input: results/denv1/color_ordering.tsv, results/denv1/metadata.tsv, config/color_schemes.tsv
    output: results/denv1/colors.tsv
    jobid: 12
    reason: Missing output files: results/denv1/colors.tsv; Input files updated by another job: results/denv1/color_ordering.tsv, results/denv1/metadata.tsv
    wildcards: build=denv1
    resources: tmpdir=/tmp

Select jobs to execute...
Waiting for more resources.
Waiting for more resources.
[Tue Sep 22 09:45:21 2026]
Finished job 24.
6 of 57 steps (11%) done
Execute 1 jobs...

[Tue Sep 22 09:45:21 2026]
localrule crop_coding_region:
    input: results/denv3/aligned.fasta, ../nextclade_data/data_output/community/v-gen-lab/dengue/denv3/2026-04-14--11-55-23Z/genome_annotation.gff3
    output: results/denv3/coding-aligned.fasta
    jobid: 29
    reason: Missing output files: results/denv3/coding-aligned.fasta; Input files updated by another job: results/denv3/aligned.fasta
    wildcards: build=denv3
    resources: tmpdir=/tmp

[Tue Sep 22 09:45:21 2026]
Finished job 36.
7 of 57 steps (12%) done
Select jobs to execute...
Waiting for more resources.
[Tue Sep 22 09:45:21 2026]
Finished job 12.
8 of 57 steps (14%) done
[Tue Sep 22 09:45:21 2026]
Finished job 48.
9 of 57 steps (16%) done
Waiting for more resources.
[Tue Sep 22 09:45:21 2026]
Finished job 29.
10 of 57 steps (18%) done
Waiting for more resources.
Waiting for more resources.
[Tue Sep 22 09:45:21 2026]
Finished job 40.
11 of 57 steps (19%) done
Waiting for more resources.
[Tue Sep 22 09:45:21 2026]
Finished job 16.
12 of 57 steps (21%) done
Waiting for more resources.
[Tue Sep 22 09:45:21 2026]
Finished job 28.
13 of 57 steps (23%) done
Execute 1 jobs...

[Tue Sep 22 09:45:21 2026]
localrule refine:
    input: results/denv3/tree.supplied.nwk, results/denv3/coding-aligned.fasta
    output: results/denv3/tree.nwk, results/denv3/branch_lengths.json
    jobid: 27
    reason: Missing output files: results/denv3/tree.nwk, results/denv3/branch_lengths.json; Input files updated by another job: results/denv3/tree.supplied.nwk, results/denv3/coding-aligned.fasta
    wildcards: build=denv3
    resources: tmpdir=/tmp

[Tue Sep 22 09:45:21 2026]
Finished job 4.
14 of 57 steps (25%) done
Select jobs to execute...
Waiting for more resources.
[Tue Sep 22 09:45:23 2026]
Finished job 27.
15 of 57 steps (26%) done
Execute 1 jobs...

[Tue Sep 22 09:45:23 2026]
localrule align:
    input: input/package/DENV1_representatives.fasta, ../nextclade_data/data_output/community/v-gen-lab/dengue/denv1/2026-04-14--11-55-23Z/reference.fasta, ../nextclade_data/data_output/community/v-gen-lab/dengue/denv1/2026-04-14--11-55-23Z/pathogen.json, ../nextclade_data/data_output/community/v-gen-lab/dengue/denv1/2026-04-14--11-55-23Z/genome_annotation.gff3
    output: results/denv1/aligned.fasta
    jobid: 6
    reason: Missing output files: results/denv1/aligned.fasta
    wildcards: build=denv1
    threads: 8
    resources: tmpdir=/tmp

[Tue Sep 22 09:45:23 2026]
Finished job 6.
16 of 57 steps (28%) done
Select jobs to execute...
Execute 1 jobs...

[Tue Sep 22 09:45:23 2026]
localrule align:
    input: input/package/DENV4_representatives.fasta, ../nextclade_data/data_output/community/v-gen-lab/dengue/denv4/2026-04-14--11-55-23Z/reference.fasta, ../nextclade_data/data_output/community/v-gen-lab/dengue/denv4/2026-04-14--11-55-23Z/pathogen.json, ../nextclade_data/data_output/community/v-gen-lab/dengue/denv4/2026-04-14--11-55-23Z/genome_annotation.gff3
    output: results/denv4/aligned.fasta
    jobid: 42
    reason: Missing output files: results/denv4/aligned.fasta
    wildcards: build=denv4
    threads: 8
    resources: tmpdir=/tmp

[Tue Sep 22 09:45:23 2026]
Finished job 42.
17 of 57 steps (30%) done
Select jobs to execute...
Execute 1 jobs...

[Tue Sep 22 09:45:23 2026]
localrule align:
    input: input/package/DENV2_representatives.fasta, ../nextclade_data/data_output/community/v-gen-lab/dengue/denv2/2026-04-14--11-55-23Z/reference.fasta, ../nextclade_data/data_output/community/v-gen-lab/dengue/denv2/2026-04-14--11-55-23Z/pathogen.json, ../nextclade_data/data_output/community/v-gen-lab/dengue/denv2/2026-04-14--11-55-23Z/genome_annotation.gff3
    output: results/denv2/aligned.fasta
    jobid: 18
    reason: Missing output files: results/denv2/aligned.fasta
    wildcards: build=denv2
    threads: 8
    resources: tmpdir=/tmp

[Tue Sep 22 09:45:24 2026]
Finished job 18.
18 of 57 steps (32%) done
Select jobs to execute...
Execute 4 jobs...

[Tue Sep 22 09:45:24 2026]
localrule ancestral:
    input: results/denv3/tree.nwk, results/denv3/aligned.fasta, ../nextclade_data/data_output/community/v-gen-lab/dengue/denv3/2026-04-14--11-55-23Z/reference.fasta
    output: results/denv3/muts.json
    jobid: 31
    reason: Missing output files: results/denv3/muts.json; Input files updated by another job: results/denv3/tree.nwk, results/denv3/aligned.fasta
    wildcards: build=denv3
    resources: tmpdir=/tmp


[Tue Sep 22 09:45:24 2026]
localrule crop_coding_region:
    input: results/denv4/aligned.fasta, ../nextclade_data/data_output/community/v-gen-lab/dengue/denv4/2026-04-14--11-55-23Z/genome_annotation.gff3
    output: results/denv4/coding-aligned.fasta
    jobid: 41
    reason: Missing output files: results/denv4/coding-aligned.fasta; Input files updated by another job: results/denv4/aligned.fasta
    wildcards: build=denv4
    resources: tmpdir=/tmp


[Tue Sep 22 09:45:24 2026]
localrule crop_coding_region:
    input: results/denv1/aligned.fasta, ../nextclade_data/data_output/community/v-gen-lab/dengue/denv1/2026-04-14--11-55-23Z/genome_annotation.gff3
    output: results/denv1/coding-aligned.fasta
    jobid: 5
    reason: Missing output files: results/denv1/coding-aligned.fasta; Input files updated by another job: results/denv1/aligned.fasta
    wildcards: build=denv1
    resources: tmpdir=/tmp


[Tue Sep 22 09:45:24 2026]
localrule crop_coding_region:
    input: results/denv2/aligned.fasta, ../nextclade_data/data_output/community/v-gen-lab/dengue/denv2/2026-04-14--11-55-23Z/genome_annotation.gff3
    output: results/denv2/coding-aligned.fasta
    jobid: 17
    reason: Missing output files: results/denv2/coding-aligned.fasta; Input files updated by another job: results/denv2/aligned.fasta
    wildcards: build=denv2
    resources: tmpdir=/tmp

[Tue Sep 22 09:45:24 2026]
Finished job 41.
19 of 57 steps (33%) done
Select jobs to execute...
Execute 1 jobs...

[Tue Sep 22 09:45:24 2026]
localrule refine:
    input: results/denv4/tree.supplied.nwk, results/denv4/coding-aligned.fasta
    output: results/denv4/tree.nwk, results/denv4/branch_lengths.json
    jobid: 39
    reason: Missing output files: results/denv4/tree.nwk, results/denv4/branch_lengths.json; Input files updated by another job: results/denv4/coding-aligned.fasta, results/denv4/tree.supplied.nwk
    wildcards: build=denv4
    resources: tmpdir=/tmp

[Tue Sep 22 09:45:24 2026]
Finished job 5.
20 of 57 steps (35%) done
Select jobs to execute...
Execute 1 jobs...

[Tue Sep 22 09:45:24 2026]
localrule refine:
    input: results/denv1/tree.supplied.nwk, results/denv1/coding-aligned.fasta
    output: results/denv1/tree.nwk, results/denv1/branch_lengths.json
    jobid: 3
    reason: Missing output files: results/denv1/tree.nwk, results/denv1/branch_lengths.json; Input files updated by another job: results/denv1/tree.supplied.nwk, results/denv1/coding-aligned.fasta
    wildcards: build=denv1
    resources: tmpdir=/tmp

[Tue Sep 22 09:45:24 2026]
Finished job 17.
21 of 57 steps (37%) done
Select jobs to execute...
Execute 1 jobs...

[Tue Sep 22 09:45:24 2026]
localrule refine:
    input: results/denv2/tree.supplied.nwk, results/denv2/coding-aligned.fasta
    output: results/denv2/tree.nwk, results/denv2/branch_lengths.json
    jobid: 15
    reason: Missing output files: results/denv2/tree.nwk, results/denv2/branch_lengths.json; Input files updated by another job: results/denv2/tree.supplied.nwk, results/denv2/coding-aligned.fasta
    wildcards: build=denv2
    resources: tmpdir=/tmp

[Tue Sep 22 09:45:25 2026]
Finished job 39.
22 of 57 steps (39%) done
Select jobs to execute...
Execute 1 jobs...

[Tue Sep 22 09:45:25 2026]
localrule ancestral:
    input: results/denv4/tree.nwk, results/denv4/aligned.fasta, ../nextclade_data/data_output/community/v-gen-lab/dengue/denv4/2026-04-14--11-55-23Z/reference.fasta
    output: results/denv4/muts.json
    jobid: 43
    reason: Missing output files: results/denv4/muts.json; Input files updated by another job: results/denv4/tree.nwk, results/denv4/aligned.fasta
    wildcards: build=denv4
    resources: tmpdir=/tmp

[Tue Sep 22 09:45:26 2026]
Finished job 3.
23 of 57 steps (40%) done
Select jobs to execute...
Execute 1 jobs...

[Tue Sep 22 09:45:26 2026]
localrule ancestral:
    input: results/denv1/tree.nwk, results/denv1/aligned.fasta, ../nextclade_data/data_output/community/v-gen-lab/dengue/denv1/2026-04-14--11-55-23Z/reference.fasta
    output: results/denv1/muts.json
    jobid: 7
    reason: Missing output files: results/denv1/muts.json; Input files updated by another job: results/denv1/tree.nwk, results/denv1/aligned.fasta
    wildcards: build=denv1
    resources: tmpdir=/tmp

[Tue Sep 22 09:45:27 2026]
Finished job 15.
24 of 57 steps (42%) done
Select jobs to execute...
Execute 1 jobs...

[Tue Sep 22 09:45:27 2026]
localrule ancestral:
    input: results/denv2/tree.nwk, results/denv2/aligned.fasta, ../nextclade_data/data_output/community/v-gen-lab/dengue/denv2/2026-04-14--11-55-23Z/reference.fasta
    output: results/denv2/muts.json
    jobid: 19
    reason: Missing output files: results/denv2/muts.json; Input files updated by another job: results/denv2/tree.nwk, results/denv2/aligned.fasta
    wildcards: build=denv2
    resources: tmpdir=/tmp

[Tue Sep 22 09:45:28 2026]
Finished job 31.
25 of 57 steps (44%) done
Select jobs to execute...
Execute 1 jobs...

[Tue Sep 22 09:45:28 2026]
localrule discover_markers:
    input: results/denv3/tree.nwk, results/denv3/muts.json, input/package/sequence_lineages.csv, input/package/DENV3_representatives.tree
    output: results/denv3/clades.proposed.tsv, results/denv3/marker_report.tsv
    jobid: 34
    reason: Missing output files: results/denv3/clades.proposed.tsv; Input files updated by another job: results/denv3/tree.nwk, results/denv3/muts.json
    wildcards: build=denv3
    resources: tmpdir=/tmp

[Tue Sep 22 09:45:28 2026]
Finished job 34.
26 of 57 steps (46%) done
Select jobs to execute...
Execute 2 jobs...

[Tue Sep 22 09:45:28 2026]
localrule add_clade_inheritance:
    input: results/denv3/clades.proposed.tsv, input/package/DENV3_representatives.tree
    output: results/denv3/clades.inherited.tsv, results/denv3/inheritance.tsv
    jobid: 33
    reason: Missing output files: results/denv3/clades.inherited.tsv; Input files updated by another job: results/denv3/clades.proposed.tsv
    wildcards: build=denv3
    resources: tmpdir=/tmp


[Tue Sep 22 09:45:28 2026]
localrule compare_definitions:
    input: definitions/2025/denv3/clades.tsv, results/denv3/clades.proposed.tsv
    output: results/denv3/clades.diff.tsv, results/denv3/clades.version.json
    jobid: 51
    reason: Missing output files: results/denv3/clades.version.json, results/denv3/clades.diff.tsv; Input files updated by another job: results/denv3/clades.proposed.tsv
    wildcards: build=denv3
    resources: tmpdir=/tmp

[Tue Sep 22 09:45:28 2026]
Finished job 51.
27 of 57 steps (47%) done
[Tue Sep 22 09:45:28 2026]
Finished job 33.
28 of 57 steps (49%) done
Select jobs to execute...
Execute 1 jobs...

[Tue Sep 22 09:45:28 2026]
localrule clades:
    input: results/denv3/tree.nwk, results/denv3/muts.json, results/denv3/clades.inherited.tsv
    output: results/denv3/clades.json
    jobid: 32
    reason: Missing output files: results/denv3/clades.json; Input files updated by another job: results/denv3/tree.nwk, results/denv3/clades.inherited.tsv, results/denv3/muts.json
    wildcards: build=denv3
    resources: tmpdir=/tmp

[Tue Sep 22 09:45:29 2026]
Finished job 43.
29 of 57 steps (51%) done
Select jobs to execute...
Execute 1 jobs...

[Tue Sep 22 09:45:29 2026]
localrule discover_markers:
    input: results/denv4/tree.nwk, results/denv4/muts.json, input/package/sequence_lineages.csv, input/package/DENV4_representatives.tree
    output: results/denv4/clades.proposed.tsv, results/denv4/marker_report.tsv
    jobid: 46
    reason: Missing output files: results/denv4/clades.proposed.tsv; Input files updated by another job: results/denv4/tree.nwk, results/denv4/muts.json
    wildcards: build=denv4
    resources: tmpdir=/tmp

[Tue Sep 22 09:45:29 2026]
Finished job 46.
30 of 57 steps (53%) done
Select jobs to execute...
Execute 2 jobs...

[Tue Sep 22 09:45:29 2026]
localrule compare_definitions:
    input: definitions/2025/denv4/clades.tsv, results/denv4/clades.proposed.tsv
    output: results/denv4/clades.diff.tsv, results/denv4/clades.version.json
    jobid: 52
    reason: Missing output files: results/denv4/clades.diff.tsv, results/denv4/clades.version.json; Input files updated by another job: results/denv4/clades.proposed.tsv
    wildcards: build=denv4
    resources: tmpdir=/tmp


[Tue Sep 22 09:45:29 2026]
localrule add_clade_inheritance:
    input: results/denv4/clades.proposed.tsv, input/package/DENV4_representatives.tree
    output: results/denv4/clades.inherited.tsv, results/denv4/inheritance.tsv
    jobid: 45
    reason: Missing output files: results/denv4/clades.inherited.tsv; Input files updated by another job: results/denv4/clades.proposed.tsv
    wildcards: build=denv4
    resources: tmpdir=/tmp

[Tue Sep 22 09:45:29 2026]
Finished job 52.
31 of 57 steps (54%) done
[Tue Sep 22 09:45:29 2026]
Finished job 45.
32 of 57 steps (56%) done
Select jobs to execute...
Execute 1 jobs...

[Tue Sep 22 09:45:29 2026]
localrule clades:
    input: results/denv4/tree.nwk, results/denv4/muts.json, results/denv4/clades.inherited.tsv
    output: results/denv4/clades.json
    jobid: 44
    reason: Missing output files: results/denv4/clades.json; Input files updated by another job: results/denv4/tree.nwk, results/denv4/clades.inherited.tsv, results/denv4/muts.json
    wildcards: build=denv4
    resources: tmpdir=/tmp

[Tue Sep 22 09:45:29 2026]
Finished job 32.
33 of 57 steps (58%) done
Select jobs to execute...
Execute 1 jobs...

[Tue Sep 22 09:45:29 2026]
localrule export_tree:
    input: results/denv3/tree.nwk, results/denv3/branch_lengths.json, results/denv3/muts.json, results/denv3/clades.json, results/denv3/metadata.tsv, results/denv3/colors.tsv, ../nextclade_data/data_output/community/v-gen-lab/dengue/denv3/2026-04-14--11-55-23Z/tree.json
    output: results/denv3/tree.json
    jobid: 26
    reason: Missing output files: results/denv3/tree.json; Input files updated by another job: results/denv3/metadata.tsv, results/denv3/tree.nwk, results/denv3/clades.json, results/denv3/branch_lengths.json, results/denv3/colors.tsv, results/denv3/muts.json
    wildcards: build=denv3
    resources: tmpdir=/tmp

[Tue Sep 22 09:45:30 2026]
Finished job 44.
34 of 57 steps (60%) done
Select jobs to execute...
Execute 1 jobs...

[Tue Sep 22 09:45:30 2026]
localrule export_tree:
    input: results/denv4/tree.nwk, results/denv4/branch_lengths.json, results/denv4/muts.json, results/denv4/clades.json, results/denv4/metadata.tsv, results/denv4/colors.tsv, ../nextclade_data/data_output/community/v-gen-lab/dengue/denv4/2026-04-14--11-55-23Z/tree.json
    output: results/denv4/tree.json
    jobid: 38
    reason: Missing output files: results/denv4/tree.json; Input files updated by another job: results/denv4/branch_lengths.json, results/denv4/muts.json, results/denv4/clades.json, results/denv4/tree.nwk, results/denv4/colors.tsv, results/denv4/metadata.tsv
    wildcards: build=denv4
    resources: tmpdir=/tmp

[Tue Sep 22 09:45:30 2026]
Finished job 26.
35 of 57 steps (61%) done
Removing temporary output results/denv3/metadata.tsv.
Select jobs to execute...
Execute 2 jobs...

[Tue Sep 22 09:45:30 2026]
localrule validate:
    input: results/denv3/tree.json, ../nextclade_data/data_output/community/v-gen-lab/dengue/denv3/2026-04-14--11-55-23Z/reference.fasta, ../nextclade_data/data_output/community/v-gen-lab/dengue/denv3/2026-04-14--11-55-23Z/pathogen.json, ../nextclade_data/data_output/community/v-gen-lab/dengue/denv3/2026-04-14--11-55-23Z/genome_annotation.gff3, input/package/DENV3_test_set.fasta, input/package/test_set.csv
    output: results/denv3/validation.tsv
    jobid: 25
    reason: Missing output files: results/denv3/validation.tsv; Input files updated by another job: results/denv3/tree.json
    wildcards: build=denv3
    resources: tmpdir=/tmp


[Tue Sep 22 09:45:30 2026]
localrule assemble_dataset:
    input: results/denv3/tree.json, input/package/DENV3_test_set.fasta, ../nextclade_data/data_output/community/v-gen-lab/dengue/denv3/2026-04-14--11-55-23Z/README.md, ../nextclade_data/data_output/community/v-gen-lab/dengue/denv3/2026-04-14--11-55-23Z/reference.fasta, ../nextclade_data/data_output/community/v-gen-lab/dengue/denv3/2026-04-14--11-55-23Z/pathogen.json, ../nextclade_data/data_output/community/v-gen-lab/dengue/denv3/2026-04-14--11-55-23Z/genome_annotation.gff3, ../nextclade_data/data_output/community/v-gen-lab/dengue/denv3/2026-04-14--11-55-23Z/CHANGELOG.md
    output: results/datasets/denv3/README.md, results/datasets/denv3/CHANGELOG.md, results/datasets/denv3/reference.fasta, results/datasets/denv3/pathogen.json, results/datasets/denv3/genome_annotation.gff3, results/datasets/denv3/sequences.fasta, results/datasets/denv3/tree.json
    jobid: 55
    reason: Missing output files: results/datasets/denv3/tree.json, results/datasets/denv3/CHANGELOG.md, results/datasets/denv3/README.md, results/datasets/denv3/sequences.fasta, results/datasets/denv3/pathogen.json, results/datasets/denv3/reference.fasta, results/datasets/denv3/genome_annotation.gff3; Input files updated by another job: results/denv3/tree.json
    wildcards: build=denv3
    resources: tmpdir=/tmp

[Tue Sep 22 09:45:30 2026]
Finished job 55.
36 of 57 steps (63%) done
[Tue Sep 22 09:45:31 2026]
Finished job 25.
37 of 57 steps (65%) done
[Tue Sep 22 09:45:31 2026]
Finished job 38.
38 of 57 steps (67%) done
Removing temporary output results/denv4/metadata.tsv.
Select jobs to execute...
Execute 2 jobs...

[Tue Sep 22 09:45:31 2026]
localrule assemble_dataset:
    input: results/denv4/tree.json, input/package/DENV4_test_set.fasta, ../nextclade_data/data_output/community/v-gen-lab/dengue/denv4/2026-04-14--11-55-23Z/README.md, ../nextclade_data/data_output/community/v-gen-lab/dengue/denv4/2026-04-14--11-55-23Z/reference.fasta, ../nextclade_data/data_output/community/v-gen-lab/dengue/denv4/2026-04-14--11-55-23Z/pathogen.json, ../nextclade_data/data_output/community/v-gen-lab/dengue/denv4/2026-04-14--11-55-23Z/genome_annotation.gff3, ../nextclade_data/data_output/community/v-gen-lab/dengue/denv4/2026-04-14--11-55-23Z/CHANGELOG.md
    output: results/datasets/denv4/README.md, results/datasets/denv4/CHANGELOG.md, results/datasets/denv4/reference.fasta, results/datasets/denv4/pathogen.json, results/datasets/denv4/genome_annotation.gff3, results/datasets/denv4/sequences.fasta, results/datasets/denv4/tree.json
    jobid: 56
    reason: Missing output files: results/datasets/denv4/README.md, results/datasets/denv4/sequences.fasta, results/datasets/denv4/reference.fasta, results/datasets/denv4/CHANGELOG.md, results/datasets/denv4/genome_annotation.gff3, results/datasets/denv4/tree.json, results/datasets/denv4/pathogen.json; Input files updated by another job: results/denv4/tree.json
    wildcards: build=denv4
    resources: tmpdir=/tmp


[Tue Sep 22 09:45:31 2026]
localrule validate:
    input: results/denv4/tree.json, ../nextclade_data/data_output/community/v-gen-lab/dengue/denv4/2026-04-14--11-55-23Z/reference.fasta, ../nextclade_data/data_output/community/v-gen-lab/dengue/denv4/2026-04-14--11-55-23Z/pathogen.json, ../nextclade_data/data_output/community/v-gen-lab/dengue/denv4/2026-04-14--11-55-23Z/genome_annotation.gff3, input/package/DENV4_test_set.fasta, input/package/test_set.csv
    output: results/denv4/validation.tsv
    jobid: 37
    reason: Missing output files: results/denv4/validation.tsv; Input files updated by another job: results/denv4/tree.json
    wildcards: build=denv4
    resources: tmpdir=/tmp

[Tue Sep 22 09:45:31 2026]
Finished job 56.
39 of 57 steps (68%) done
[Tue Sep 22 09:45:31 2026]
Finished job 37.
40 of 57 steps (70%) done
[Tue Sep 22 09:45:34 2026]
Finished job 7.
41 of 57 steps (72%) done
Select jobs to execute...
Execute 1 jobs...

[Tue Sep 22 09:45:34 2026]
localrule discover_markers:
    input: results/denv1/tree.nwk, results/denv1/muts.json, input/package/sequence_lineages.csv, input/package/DENV1_representatives.tree
    output: results/denv1/clades.proposed.tsv, results/denv1/marker_report.tsv
    jobid: 10
    reason: Missing output files: results/denv1/clades.proposed.tsv; Input files updated by another job: results/denv1/tree.nwk, results/denv1/muts.json
    wildcards: build=denv1
    resources: tmpdir=/tmp

[Tue Sep 22 09:45:34 2026]
Finished job 10.
42 of 57 steps (74%) done
Select jobs to execute...
Execute 2 jobs...

[Tue Sep 22 09:45:34 2026]
localrule add_clade_inheritance:
    input: results/denv1/clades.proposed.tsv, input/package/DENV1_representatives.tree
    output: results/denv1/clades.inherited.tsv, results/denv1/inheritance.tsv
    jobid: 9
    reason: Missing output files: results/denv1/clades.inherited.tsv; Input files updated by another job: results/denv1/clades.proposed.tsv
    wildcards: build=denv1
    resources: tmpdir=/tmp


[Tue Sep 22 09:45:34 2026]
localrule compare_definitions:
    input: definitions/2025/denv1/clades.tsv, results/denv1/clades.proposed.tsv
    output: results/denv1/clades.diff.tsv, results/denv1/clades.version.json
    jobid: 49
    reason: Missing output files: results/denv1/clades.diff.tsv, results/denv1/clades.version.json; Input files updated by another job: results/denv1/clades.proposed.tsv
    wildcards: build=denv1
    resources: tmpdir=/tmp

[Tue Sep 22 09:45:34 2026]
Finished job 49.
43 of 57 steps (75%) done
[Tue Sep 22 09:45:35 2026]
Finished job 9.
44 of 57 steps (77%) done
Select jobs to execute...
Execute 1 jobs...

[Tue Sep 22 09:45:35 2026]
localrule clades:
    input: results/denv1/tree.nwk, results/denv1/muts.json, results/denv1/clades.inherited.tsv
    output: results/denv1/clades.json
    jobid: 8
    reason: Missing output files: results/denv1/clades.json; Input files updated by another job: results/denv1/tree.nwk, results/denv1/muts.json, results/denv1/clades.inherited.tsv
    wildcards: build=denv1
    resources: tmpdir=/tmp

[Tue Sep 22 09:45:35 2026]
Finished job 8.
45 of 57 steps (79%) done
Select jobs to execute...
Execute 1 jobs...

[Tue Sep 22 09:45:35 2026]
localrule export_tree:
    input: results/denv1/tree.nwk, results/denv1/branch_lengths.json, results/denv1/muts.json, results/denv1/clades.json, results/denv1/metadata.tsv, results/denv1/colors.tsv, ../nextclade_data/data_output/community/v-gen-lab/dengue/denv1/2026-04-14--11-55-23Z/tree.json
    output: results/denv1/tree.json
    jobid: 2
    reason: Missing output files: results/denv1/tree.json; Input files updated by another job: results/denv1/tree.nwk, results/denv1/metadata.tsv, results/denv1/clades.json, results/denv1/muts.json, results/denv1/branch_lengths.json, results/denv1/colors.tsv
    wildcards: build=denv1
    resources: tmpdir=/tmp

[Tue Sep 22 09:45:36 2026]
Finished job 19.
46 of 57 steps (81%) done
Select jobs to execute...
Execute 1 jobs...

[Tue Sep 22 09:45:36 2026]
localrule discover_markers:
    input: results/denv2/tree.nwk, results/denv2/muts.json, input/package/sequence_lineages.csv, input/package/DENV2_representatives.tree
    output: results/denv2/clades.proposed.tsv, results/denv2/marker_report.tsv
    jobid: 22
    reason: Missing output files: results/denv2/clades.proposed.tsv; Input files updated by another job: results/denv2/muts.json, results/denv2/tree.nwk
    wildcards: build=denv2
    resources: tmpdir=/tmp

[Tue Sep 22 09:45:37 2026]
Finished job 2.
47 of 57 steps (82%) done
Removing temporary output results/denv1/metadata.tsv.
Select jobs to execute...
Execute 2 jobs...

[Tue Sep 22 09:45:37 2026]
localrule validate:
    input: results/denv1/tree.json, ../nextclade_data/data_output/community/v-gen-lab/dengue/denv1/2026-04-14--11-55-23Z/reference.fasta, ../nextclade_data/data_output/community/v-gen-lab/dengue/denv1/2026-04-14--11-55-23Z/pathogen.json, ../nextclade_data/data_output/community/v-gen-lab/dengue/denv1/2026-04-14--11-55-23Z/genome_annotation.gff3, input/package/DENV1_test_set.fasta, input/package/test_set.csv
    output: results/denv1/validation.tsv
    jobid: 1
    reason: Missing output files: results/denv1/validation.tsv; Input files updated by another job: results/denv1/tree.json
    wildcards: build=denv1
    resources: tmpdir=/tmp


[Tue Sep 22 09:45:37 2026]
localrule assemble_dataset:
    input: results/denv1/tree.json, input/package/DENV1_test_set.fasta, ../nextclade_data/data_output/community/v-gen-lab/dengue/denv1/2026-04-14--11-55-23Z/README.md, ../nextclade_data/data_output/community/v-gen-lab/dengue/denv1/2026-04-14--11-55-23Z/reference.fasta, ../nextclade_data/data_output/community/v-gen-lab/dengue/denv1/2026-04-14--11-55-23Z/pathogen.json, ../nextclade_data/data_output/community/v-gen-lab/dengue/denv1/2026-04-14--11-55-23Z/genome_annotation.gff3, ../nextclade_data/data_output/community/v-gen-lab/dengue/denv1/2026-04-14--11-55-23Z/CHANGELOG.md
    output: results/datasets/denv1/README.md, results/datasets/denv1/CHANGELOG.md, results/datasets/denv1/reference.fasta, results/datasets/denv1/pathogen.json, results/datasets/denv1/genome_annotation.gff3, results/datasets/denv1/sequences.fasta, results/datasets/denv1/tree.json
    jobid: 53
    reason: Missing output files: results/datasets/denv1/CHANGELOG.md, results/datasets/denv1/pathogen.json, results/datasets/denv1/sequences.fasta, results/datasets/denv1/reference.fasta, results/datasets/denv1/tree.json, results/datasets/denv1/genome_annotation.gff3, results/datasets/denv1/README.md; Input files updated by another job: results/denv1/tree.json
    wildcards: build=denv1
    resources: tmpdir=/tmp

[Tue Sep 22 09:45:37 2026]
Finished job 53.
48 of 57 steps (84%) done
[Tue Sep 22 09:45:37 2026]
Finished job 22.
49 of 57 steps (86%) done
Select jobs to execute...
Execute 2 jobs...

[Tue Sep 22 09:45:37 2026]
localrule compare_definitions:
    input: definitions/2025/denv2/clades.tsv, results/denv2/clades.proposed.tsv
    output: results/denv2/clades.diff.tsv, results/denv2/clades.version.json
    jobid: 50
    reason: Missing output files: results/denv2/clades.diff.tsv, results/denv2/clades.version.json; Input files updated by another job: results/denv2/clades.proposed.tsv
    wildcards: build=denv2
    resources: tmpdir=/tmp


[Tue Sep 22 09:45:37 2026]
localrule add_clade_inheritance:
    input: results/denv2/clades.proposed.tsv, input/package/DENV2_representatives.tree
    output: results/denv2/clades.inherited.tsv, results/denv2/inheritance.tsv
    jobid: 21
    reason: Missing output files: results/denv2/clades.inherited.tsv; Input files updated by another job: results/denv2/clades.proposed.tsv
    wildcards: build=denv2
    resources: tmpdir=/tmp

[Tue Sep 22 09:45:37 2026]
Finished job 50.
50 of 57 steps (88%) done
[Tue Sep 22 09:45:37 2026]
Finished job 1.
51 of 57 steps (89%) done
[Tue Sep 22 09:45:37 2026]
Finished job 21.
52 of 57 steps (91%) done
Select jobs to execute...
Execute 1 jobs...

[Tue Sep 22 09:45:37 2026]
localrule clades:
    input: results/denv2/tree.nwk, results/denv2/muts.json, results/denv2/clades.inherited.tsv
    output: results/denv2/clades.json
    jobid: 20
    reason: Missing output files: results/denv2/clades.json; Input files updated by another job: results/denv2/clades.inherited.tsv, results/denv2/muts.json, results/denv2/tree.nwk
    wildcards: build=denv2
    resources: tmpdir=/tmp

[Tue Sep 22 09:45:38 2026]
Finished job 20.
53 of 57 steps (93%) done
Select jobs to execute...
Execute 1 jobs...

[Tue Sep 22 09:45:38 2026]
localrule export_tree:
    input: results/denv2/tree.nwk, results/denv2/branch_lengths.json, results/denv2/muts.json, results/denv2/clades.json, results/denv2/metadata.tsv, results/denv2/colors.tsv, ../nextclade_data/data_output/community/v-gen-lab/dengue/denv2/2026-04-14--11-55-23Z/tree.json
    output: results/denv2/tree.json
    jobid: 14
    reason: Missing output files: results/denv2/tree.json; Input files updated by another job: results/denv2/tree.nwk, results/denv2/colors.tsv, results/denv2/branch_lengths.json, results/denv2/clades.json, results/denv2/muts.json, results/denv2/metadata.tsv
    wildcards: build=denv2
    resources: tmpdir=/tmp

[Tue Sep 22 09:45:40 2026]
Finished job 14.
54 of 57 steps (95%) done
Removing temporary output results/denv2/metadata.tsv.
Select jobs to execute...
Execute 2 jobs...

[Tue Sep 22 09:45:40 2026]
localrule validate:
    input: results/denv2/tree.json, ../nextclade_data/data_output/community/v-gen-lab/dengue/denv2/2026-04-14--11-55-23Z/reference.fasta, ../nextclade_data/data_output/community/v-gen-lab/dengue/denv2/2026-04-14--11-55-23Z/pathogen.json, ../nextclade_data/data_output/community/v-gen-lab/dengue/denv2/2026-04-14--11-55-23Z/genome_annotation.gff3, input/package/DENV2_test_set.fasta, input/package/test_set.csv
    output: results/denv2/validation.tsv
    jobid: 13
    reason: Missing output files: results/denv2/validation.tsv; Input files updated by another job: results/denv2/tree.json
    wildcards: build=denv2
    resources: tmpdir=/tmp


[Tue Sep 22 09:45:40 2026]
localrule assemble_dataset:
    input: results/denv2/tree.json, input/package/DENV2_test_set.fasta, ../nextclade_data/data_output/community/v-gen-lab/dengue/denv2/2026-04-14--11-55-23Z/README.md, ../nextclade_data/data_output/community/v-gen-lab/dengue/denv2/2026-04-14--11-55-23Z/reference.fasta, ../nextclade_data/data_output/community/v-gen-lab/dengue/denv2/2026-04-14--11-55-23Z/pathogen.json, ../nextclade_data/data_output/community/v-gen-lab/dengue/denv2/2026-04-14--11-55-23Z/genome_annotation.gff3, ../nextclade_data/data_output/community/v-gen-lab/dengue/denv2/2026-04-14--11-55-23Z/CHANGELOG.md
    output: results/datasets/denv2/README.md, results/datasets/denv2/CHANGELOG.md, results/datasets/denv2/reference.fasta, results/datasets/denv2/pathogen.json, results/datasets/denv2/genome_annotation.gff3, results/datasets/denv2/sequences.fasta, results/datasets/denv2/tree.json
    jobid: 54
    reason: Missing output files: results/datasets/denv2/README.md, results/datasets/denv2/pathogen.json, results/datasets/denv2/CHANGELOG.md, results/datasets/denv2/reference.fasta, results/datasets/denv2/tree.json, results/datasets/denv2/genome_annotation.gff3, results/datasets/denv2/sequences.fasta; Input files updated by another job: results/denv2/tree.json
    wildcards: build=denv2
    resources: tmpdir=/tmp

[Tue Sep 22 09:45:40 2026]
Finished job 54.
55 of 57 steps (96%) done
[Tue Sep 22 09:45:40 2026]
Finished job 13.
56 of 57 steps (98%) done
Select jobs to execute...
Execute 1 jobs...

[Tue Sep 22 09:45:40 2026]
localrule all:
    input: results/denv1/validation.tsv, results/denv2/validation.tsv, results/denv3/validation.tsv, results/denv4/validation.tsv, results/denv1/tree.json, results/denv2/tree.json, results/denv3/tree.json, results/denv4/tree.json, results/denv1/clades.diff.tsv, results/denv2/clades.diff.tsv, results/denv3/clades.diff.tsv, results/denv4/clades.diff.tsv, results/denv1/clades.version.json, results/denv2/clades.version.json, results/denv3/clades.version.json, results/denv4/clades.version.json, results/datasets/denv1/README.md, results/datasets/denv1/CHANGELOG.md, results/datasets/denv1/reference.fasta, results/datasets/denv1/pathogen.json, results/datasets/denv1/genome_annotation.gff3, results/datasets/denv1/sequences.fasta, results/datasets/denv1/tree.json, results/datasets/denv2/README.md, results/datasets/denv2/CHANGELOG.md, results/datasets/denv2/reference.fasta, results/datasets/denv2/pathogen.json, results/datasets/denv2/genome_annotation.gff3, results/datasets/denv2/sequences.fasta, results/datasets/denv2/tree.json, results/datasets/denv3/README.md, results/datasets/denv3/CHANGELOG.md, results/datasets/denv3/reference.fasta, results/datasets/denv3/pathogen.json, results/datasets/denv3/genome_annotation.gff3, results/datasets/denv3/sequences.fasta, results/datasets/denv3/tree.json, results/datasets/denv4/README.md, results/datasets/denv4/CHANGELOG.md, results/datasets/denv4/reference.fasta, results/datasets/denv4/pathogen.json, results/datasets/denv4/genome_annotation.gff3, results/datasets/denv4/sequences.fasta, results/datasets/denv4/tree.json
    jobid: 0
    reason: Input files updated by another job: results/datasets/denv4/reference.fasta, results/datasets/denv1/genome_annotation.gff3, results/datasets/denv1/README.md, results/datasets/denv2/sequences.fasta, results/datasets/denv2/tree.json, results/denv3/tree.json, results/datasets/denv2/pathogen.json, results/datasets/denv4/README.md, results/datasets/denv4/pathogen.json, results/denv1/clades.diff.tsv, results/denv2/clades.diff.tsv, results/denv3/validation.tsv, results/denv1/clades.version.json, results/datasets/denv4/genome_annotation.gff3, results/denv2/validation.tsv, results/datasets/denv2/reference.fasta, results/datasets/denv3/reference.fasta, results/denv3/clades.diff.tsv, results/datasets/denv3/pathogen.json, results/datasets/denv3/genome_annotation.gff3, results/datasets/denv3/tree.json, results/datasets/denv2/README.md, results/datasets/denv4/sequences.fasta, results/datasets/denv3/CHANGELOG.md, results/denv4/tree.json, results/datasets/denv1/pathogen.json, results/datasets/denv1/sequences.fasta, results/datasets/denv1/reference.fasta, results/datasets/denv3/sequences.fasta, results/denv4/clades.version.json, results/denv4/validation.tsv, results/datasets/denv4/tree.json, results/denv1/tree.json, results/denv1/validation.tsv, results/datasets/denv1/CHANGELOG.md, results/datasets/denv2/CHANGELOG.md, results/denv4/clades.diff.tsv, results/datasets/denv3/README.md, results/datasets/denv4/CHANGELOG.md, results/datasets/denv1/tree.json, results/denv2/clades.version.json, results/datasets/denv2/genome_annotation.gff3, results/denv3/clades.version.json, results/denv2/tree.json
    resources: tmpdir=/tmp

[Tue Sep 22 09:45:40 2026]
Finished job 0.
57 of 57 steps (100%) done
Complete log: .snakemake/log/2026-09-22T094520.924432.snakemake.log
