Building DAG of jobs...
Using shell: /usr/bin/bash
Provided cores: 16
Rules claiming more threads will be scaled down.
Job stats:
job                        count
-----------------------  -------
add_clade_inheritance          4
align                          4
all                            1
ancestral                      4
assemble_dataset               4
assign_colors                  4
clades                         4
compare_definitions            4
crop_coding_region             4
discover_markers               4
export_tree                    4
generate_metadata              4
refine                         4
supplied_tree_to_newick        4
validate                       4
total                         57

Select jobs to execute...
Execute 1 jobs...

[Tue Sep 22 07:28:12 2026]
localrule align:
    input: input/package/DENV3_representatives.fasta, ../nextclade_data/data_output/community/v-gen-lab/dengue/denv3/2026-04-14--11-55-23Z/reference.fasta, ../nextclade_data/data_output/community/v-gen-lab/dengue/denv3/2026-04-14--11-55-23Z/pathogen.json, ../nextclade_data/data_output/community/v-gen-lab/dengue/denv3/2026-04-14--11-55-23Z/genome_annotation.gff3
    output: results/denv3/aligned.fasta
    jobid: 30
    reason: Missing output files: results/denv3/aligned.fasta
    wildcards: build=denv3
    threads: 16
    resources: tmpdir=/tmp

[Tue Sep 22 07:28:12 2026]
Finished job 30.
1 of 57 steps (2%) done
Select jobs to execute...
Execute 1 jobs...

[Tue Sep 22 07:28:12 2026]
localrule align:
    input: input/package/DENV4_representatives.fasta, ../nextclade_data/data_output/community/v-gen-lab/dengue/denv4/2026-04-14--11-55-23Z/reference.fasta, ../nextclade_data/data_output/community/v-gen-lab/dengue/denv4/2026-04-14--11-55-23Z/pathogen.json, ../nextclade_data/data_output/community/v-gen-lab/dengue/denv4/2026-04-14--11-55-23Z/genome_annotation.gff3
    output: results/denv4/aligned.fasta
    jobid: 42
    reason: Missing output files: results/denv4/aligned.fasta
    wildcards: build=denv4
    threads: 16
    resources: tmpdir=/tmp

[Tue Sep 22 07:28:12 2026]
Finished job 42.
2 of 57 steps (4%) done
Select jobs to execute...
Execute 1 jobs...

[Tue Sep 22 07:28:12 2026]
localrule align:
    input: input/package/DENV1_representatives.fasta, ../nextclade_data/data_output/community/v-gen-lab/dengue/denv1/2026-04-14--11-55-23Z/reference.fasta, ../nextclade_data/data_output/community/v-gen-lab/dengue/denv1/2026-04-14--11-55-23Z/pathogen.json, ../nextclade_data/data_output/community/v-gen-lab/dengue/denv1/2026-04-14--11-55-23Z/genome_annotation.gff3
    output: results/denv1/aligned.fasta
    jobid: 6
    reason: Missing output files: results/denv1/aligned.fasta
    wildcards: build=denv1
    threads: 16
    resources: tmpdir=/tmp

[Tue Sep 22 07:28:13 2026]
Finished job 6.
3 of 57 steps (5%) done
Select jobs to execute...
Execute 1 jobs...

[Tue Sep 22 07:28:13 2026]
localrule align:
    input: input/package/DENV2_representatives.fasta, ../nextclade_data/data_output/community/v-gen-lab/dengue/denv2/2026-04-14--11-55-23Z/reference.fasta, ../nextclade_data/data_output/community/v-gen-lab/dengue/denv2/2026-04-14--11-55-23Z/pathogen.json, ../nextclade_data/data_output/community/v-gen-lab/dengue/denv2/2026-04-14--11-55-23Z/genome_annotation.gff3
    output: results/denv2/aligned.fasta
    jobid: 18
    reason: Missing output files: results/denv2/aligned.fasta
    wildcards: build=denv2
    threads: 16
    resources: tmpdir=/tmp

Terminating processes on user request, this might take some time.
[Tue Sep 22 07:28:13 2026]
Error in rule align:
    jobid: 18
    input: input/package/DENV2_representatives.fasta, ../nextclade_data/data_output/community/v-gen-lab/dengue/denv2/2026-04-14--11-55-23Z/reference.fasta, ../nextclade_data/data_output/community/v-gen-lab/dengue/denv2/2026-04-14--11-55-23Z/pathogen.json, ../nextclade_data/data_output/community/v-gen-lab/dengue/denv2/2026-04-14--11-55-23Z/genome_annotation.gff3
    output: results/denv2/aligned.fasta
    shell:
        
        nextclade3 run --jobs 16 --input-ref ../nextclade_data/data_output/community/v-gen-lab/dengue/denv2/2026-04-14--11-55-23Z/reference.fasta \
          --input-pathogen-json ../nextclade_data/data_output/community/v-gen-lab/dengue/denv2/2026-04-14--11-55-23Z/pathogen.json --input-annotation ../nextclade_data/data_output/community/v-gen-lab/dengue/denv2/2026-04-14--11-55-23Z/genome_annotation.gff3 \
          --output-fasta results/denv2/aligned.fasta --silent input/package/DENV2_representatives.fasta
        
        (one of the commands exited with non-zero exit code; note that snakemake uses bash strict mode!)

Complete log: .snakemake/log/2026-09-22T072812.215755.snakemake.log
WorkflowError:
At least one job did not complete successfully.
